2026-09-13 00:39:45,403 - pyskl - INFO - Environment info:
------------------------------------------------------------
sys.platform: linux
Python: 3.10.21 (main, Aug 27 2026, 14:42:07) [GCC 14.3.0]
CUDA available: True
GPU 0: Tesla T4
CUDA_HOME: /usr/local/cuda
NVCC: Cuda compilation tools, release 12.8, V12.8.93
GCC: gcc (Ubuntu 13.3.0-6ubuntu2~24.04.1) 13.3.0
PyTorch: 1.11.0+cu113
PyTorch compiling details: PyTorch built with:
  - GCC 7.3
  - C++ Version: 201402
  - Intel(R) Math Kernel Library Version 2020.0.0 Product Build 20191122 for Intel(R) 64 architecture applications
  - Intel(R) MKL-DNN v2.5.2 (Git Hash a9302535553c73243c632ad3c4c80beec3d19a1e)
  - OpenMP 201511 (a.k.a. OpenMP 4.5)
  - LAPACK is enabled (usually provided by MKL)
  - NNPACK is enabled
  - CPU capability usage: AVX2
  - CUDA Runtime 11.3
  - NVCC architecture flags: -gencode;arch=compute_37,code=sm_37;-gencode;arch=compute_50,code=sm_50;-gencode;arch=compute_60,code=sm_60;-gencode;arch=compute_70,code=sm_70;-gencode;arch=compute_75,code=sm_75;-gencode;arch=compute_80,code=sm_80;-gencode;arch=compute_86,code=sm_86
  - CuDNN 8.2
  - Magma 2.5.2
  - Build settings: BLAS_INFO=mkl, BUILD_TYPE=Release, CUDA_VERSION=11.3, CUDNN_VERSION=8.2.0, CXX_COMPILER=/opt/rh/devtoolset-7/root/usr/bin/c++, CXX_FLAGS= -Wno-deprecated -fvisibility-inlines-hidden -DUSE_PTHREADPOOL -fopenmp -DNDEBUG -DUSE_KINETO -DUSE_FBGEMM -DUSE_QNNPACK -DUSE_PYTORCH_QNNPACK -DUSE_XNNPACK -DSYMBOLICATE_MOBILE_DEBUG_HANDLE -DEDGE_PROFILER_USE_KINETO -O2 -fPIC -Wno-narrowing -Wall -Wextra -Werror=return-type -Wno-missing-field-initializers -Wno-type-limits -Wno-array-bounds -Wno-unknown-pragmas -Wno-sign-compare -Wno-unused-parameter -Wno-unused-function -Wno-unused-result -Wno-unused-local-typedefs -Wno-strict-overflow -Wno-strict-aliasing -Wno-error=deprecated-declarations -Wno-stringop-overflow -Wno-psabi -Wno-error=pedantic -Wno-error=redundant-decls -Wno-error=old-style-cast -fdiagnostics-color=always -faligned-new -Wno-unused-but-set-variable -Wno-maybe-uninitialized -fno-math-errno -fno-trapping-math -Werror=format -Wno-stringop-overflow, LAPACK_INFO=mkl, PERF_WITH_AVX=1, PERF_WITH_AVX2=1, PERF_WITH_AVX512=1, TORCH_VERSION=1.11.0, USE_CUDA=ON, USE_CUDNN=ON, USE_EXCEPTION_PTR=1, USE_GFLAGS=OFF, USE_GLOG=OFF, USE_MKL=ON, USE_MKLDNN=OFF, USE_MPI=OFF, USE_NCCL=ON, USE_NNPACK=ON, USE_OPENMP=ON, USE_ROCM=OFF, 

TorchVision: 0.12.0+cu113
OpenCV: 5.0.0
MMCV: 1.5.0
MMCV Compiler: GCC 7.3
MMCV CUDA Compiler: 11.3
pyskl: 0.1.0+fd62339
------------------------------------------------------------

2026-09-13 00:39:45,645 - pyskl - INFO - Config: model = dict(
    type='RecognizerGCN',
    backbone=dict(
        type='STGCN',
        tcn_type='dwstcn',
        graph_cfg=dict(layout='coco', mode='spatial')),
    cls_head=dict(type='GCNHead', num_classes=51, in_channels=256))
dataset_type = 'PoseDataset'
ann_file = '/content/pyskl_data/hmdb51_hrnet.pkl'
train_pipeline = [
    dict(type='PreNormalize2D'),
    dict(type='GenSkeFeat', dataset='coco', feats=['j']),
    dict(type='UniformSample', clip_len=100),
    dict(type='PoseDecode'),
    dict(type='FormatGCNInput', num_person=2),
    dict(type='Collect', keys=['keypoint', 'label'], meta_keys=[]),
    dict(type='ToTensor', keys=['keypoint'])
]
val_pipeline = [
    dict(type='PreNormalize2D'),
    dict(type='GenSkeFeat', dataset='coco', feats=['j']),
    dict(type='UniformSample', clip_len=100, num_clips=1),
    dict(type='PoseDecode'),
    dict(type='FormatGCNInput', num_person=2),
    dict(type='Collect', keys=['keypoint', 'label'], meta_keys=[]),
    dict(type='ToTensor', keys=['keypoint'])
]
test_pipeline = [
    dict(type='PreNormalize2D'),
    dict(type='GenSkeFeat', dataset='coco', feats=['j']),
    dict(type='UniformSample', clip_len=100, num_clips=10),
    dict(type='PoseDecode'),
    dict(type='FormatGCNInput', num_person=2),
    dict(type='Collect', keys=['keypoint', 'label'], meta_keys=[]),
    dict(type='ToTensor', keys=['keypoint'])
]
data = dict(
    videos_per_gpu=16,
    workers_per_gpu=0,
    test_dataloader=dict(videos_per_gpu=1),
    train=dict(
        type='RepeatDataset',
        times=5,
        dataset=dict(
            type='PoseDataset',
            ann_file='/content/pyskl_data/hmdb51_hrnet.pkl',
            pipeline=[
                dict(type='PreNormalize2D'),
                dict(type='GenSkeFeat', dataset='coco', feats=['j']),
                dict(type='UniformSample', clip_len=100),
                dict(type='PoseDecode'),
                dict(type='FormatGCNInput', num_person=2),
                dict(type='Collect', keys=['keypoint', 'label'], meta_keys=[]),
                dict(type='ToTensor', keys=['keypoint'])
            ],
            split='train1')),
    val=dict(
        type='PoseDataset',
        ann_file='/content/pyskl_data/hmdb51_hrnet.pkl',
        pipeline=[
            dict(type='PreNormalize2D'),
            dict(type='GenSkeFeat', dataset='coco', feats=['j']),
            dict(type='UniformSample', clip_len=100, num_clips=1),
            dict(type='PoseDecode'),
            dict(type='FormatGCNInput', num_person=2),
            dict(type='Collect', keys=['keypoint', 'label'], meta_keys=[]),
            dict(type='ToTensor', keys=['keypoint'])
        ],
        split='test1'),
    test=dict(
        type='PoseDataset',
        ann_file='/content/pyskl_data/hmdb51_hrnet.pkl',
        pipeline=[
            dict(type='PreNormalize2D'),
            dict(type='GenSkeFeat', dataset='coco', feats=['j']),
            dict(type='UniformSample', clip_len=100, num_clips=10),
            dict(type='PoseDecode'),
            dict(type='FormatGCNInput', num_person=2),
            dict(type='Collect', keys=['keypoint', 'label'], meta_keys=[]),
            dict(type='ToTensor', keys=['keypoint'])
        ],
        split='test1'))
optimizer = dict(
    type='SGD', lr=0.1, momentum=0.9, weight_decay=0.0005, nesterov=True)
optimizer_config = dict(grad_clip=None)
lr_config = dict(policy='CosineAnnealing', min_lr=0, by_epoch=False)
total_epochs = 16
checkpoint_config = dict(interval=1)
evaluation = dict(interval=1, metrics=['top_k_accuracy'])
log_config = dict(interval=100, hooks=[dict(type='TextLoggerHook')])
log_level = 'INFO'
work_dir = '/content/drive/MyDrive/wes237b_project/work_dirs/lite_stgcn_hmdb51'
dist_params = dict(backend='gloo')
gpu_ids = range(0, 1)
resume_from = '/content/drive/MyDrive/wes237b_project/work_dirs/lite_stgcn_hmdb51/latest.pth'

2026-09-13 00:39:45,646 - pyskl - INFO - Set random seed to 374592522, deterministic: False
2026-09-13 00:39:46,846 - pyskl - INFO - 3570 videos remain after valid thresholding
2026-09-13 00:39:52,885 - pyskl - INFO - 1530 videos remain after valid thresholding
2026-09-13 00:39:52,887 - pyskl - INFO - load checkpoint from local path: /content/drive/MyDrive/wes237b_project/work_dirs/lite_stgcn_hmdb51/latest.pth
2026-09-13 00:39:53,002 - pyskl - INFO - resumed epoch 11, iter 12276
2026-09-13 00:39:53,004 - pyskl - INFO - Start running, host: root@d67ee67eec23, work_dir: /content/drive/MyDrive/wes237b_project/work_dirs/lite_stgcn_hmdb51
2026-09-13 00:39:53,004 - pyskl - INFO - Hooks will be executed in the following order:
before_run:
(VERY_HIGH   ) CosineAnnealingLrUpdaterHook       
(NORMAL      ) CheckpointHook                     
(NORMAL      ) DistEvalHook                       
(VERY_LOW    ) TextLoggerHook                     
 -------------------- 
before_train_epoch:
(VERY_HIGH   ) CosineAnnealingLrUpdaterHook       
(NORMAL      ) DistSamplerSeedHook                
(NORMAL      ) DistEvalHook                       
(LOW         ) IterTimerHook                      
(VERY_LOW    ) TextLoggerHook                     
 -------------------- 
before_train_iter:
(VERY_HIGH   ) CosineAnnealingLrUpdaterHook       
(NORMAL      ) DistEvalHook                       
(LOW         ) IterTimerHook                      
 -------------------- 
after_train_iter:
(ABOVE_NORMAL) OptimizerHook                      
(NORMAL      ) CheckpointHook                     
(NORMAL      ) DistEvalHook                       
(LOW         ) IterTimerHook                      
(VERY_LOW    ) TextLoggerHook                     
 -------------------- 
after_train_epoch:
(NORMAL      ) CheckpointHook                     
(NORMAL      ) DistEvalHook                       
(VERY_LOW    ) TextLoggerHook                     
 -------------------- 
before_val_epoch:
(NORMAL      ) DistSamplerSeedHook                
(LOW         ) IterTimerHook                      
(VERY_LOW    ) TextLoggerHook                     
 -------------------- 
before_val_iter:
(LOW         ) IterTimerHook                      
 -------------------- 
after_val_iter:
(LOW         ) IterTimerHook                      
 -------------------- 
after_val_epoch:
(VERY_LOW    ) TextLoggerHook                     
 -------------------- 
after_run:
(VERY_LOW    ) TextLoggerHook                     
 -------------------- 
2026-09-13 00:39:53,005 - pyskl - INFO - workflow: [('train', 1)], max: 16 epochs
2026-09-13 00:39:53,005 - pyskl - INFO - Checkpoints will be saved to /content/drive/MyDrive/wes237b_project/work_dirs/lite_stgcn_hmdb51 by HardDiskBackend.
2026-09-13 00:40:12,222 - pyskl - INFO - Epoch [12][100/1116]	lr: 2.150e-02, eta: 0:17:32, time: 0.192, data_time: 0.058, memory: 1422, top1_acc: 0.6556, top5_acc: 0.9287, loss_cls: 1.1275, loss: 1.1275
2026-09-13 00:40:29,646 - pyskl - INFO - Epoch [12][200/1116]	lr: 2.078e-02, eta: 0:16:25, time: 0.174, data_time: 0.037, memory: 1422, top1_acc: 0.6900, top5_acc: 0.9369, loss_cls: 1.0611, loss: 1.0611
2026-09-13 00:40:47,927 - pyskl - INFO - Epoch [12][300/1116]	lr: 2.007e-02, eta: 0:16:06, time: 0.183, data_time: 0.038, memory: 1422, top1_acc: 0.6600, top5_acc: 0.9219, loss_cls: 1.1125, loss: 1.1125
2026-09-13 00:41:05,390 - pyskl - INFO - Epoch [12][400/1116]	lr: 1.937e-02, eta: 0:15:37, time: 0.175, data_time: 0.036, memory: 1422, top1_acc: 0.6825, top5_acc: 0.9269, loss_cls: 1.0689, loss: 1.0689
2026-09-13 00:41:22,554 - pyskl - INFO - Epoch [12][500/1116]	lr: 1.868e-02, eta: 0:15:09, time: 0.172, data_time: 0.036, memory: 1422, top1_acc: 0.6794, top5_acc: 0.9325, loss_cls: 1.0922, loss: 1.0922
2026-09-13 00:41:39,706 - pyskl - INFO - Epoch [12][600/1116]	lr: 1.800e-02, eta: 0:14:45, time: 0.172, data_time: 0.037, memory: 1422, top1_acc: 0.6956, top5_acc: 0.9363, loss_cls: 1.0279, loss: 1.0279
2026-09-13 00:41:57,044 - pyskl - INFO - Epoch [12][700/1116]	lr: 1.733e-02, eta: 0:14:24, time: 0.173, data_time: 0.036, memory: 1422, top1_acc: 0.6800, top5_acc: 0.9400, loss_cls: 1.0511, loss: 1.0511
2026-09-13 00:42:14,731 - pyskl - INFO - Epoch [12][800/1116]	lr: 1.667e-02, eta: 0:14:06, time: 0.177, data_time: 0.039, memory: 1422, top1_acc: 0.7037, top5_acc: 0.9375, loss_cls: 0.9786, loss: 0.9786
2026-09-13 00:42:32,491 - pyskl - INFO - Epoch [12][900/1116]	lr: 1.602e-02, eta: 0:13:49, time: 0.178, data_time: 0.039, memory: 1422, top1_acc: 0.7231, top5_acc: 0.9437, loss_cls: 0.9458, loss: 0.9458
2026-09-13 00:42:49,964 - pyskl - INFO - Epoch [12][1000/1116]	lr: 1.538e-02, eta: 0:13:30, time: 0.175, data_time: 0.037, memory: 1422, top1_acc: 0.7137, top5_acc: 0.9400, loss_cls: 0.9828, loss: 0.9828
2026-09-13 00:43:07,176 - pyskl - INFO - Epoch [12][1100/1116]	lr: 1.475e-02, eta: 0:13:10, time: 0.172, data_time: 0.035, memory: 1422, top1_acc: 0.7281, top5_acc: 0.9506, loss_cls: 0.9384, loss: 0.9384
2026-09-13 00:43:09,789 - pyskl - INFO - Saving checkpoint at 12 epochs
2026-09-13 00:43:19,926 - pyskl - INFO - Evaluating top_k_accuracy ...
2026-09-13 00:43:19,930 - pyskl - INFO - 
top1_acc	0.4098
top5_acc	0.7516
2026-09-13 00:43:20,002 - pyskl - INFO - Now best checkpoint is saved as best_top1_acc_epoch_12.pth.
2026-09-13 00:43:20,002 - pyskl - INFO - Best top1_acc is 0.4098 at 12 epoch.
2026-09-13 00:43:20,004 - pyskl - INFO - Epoch(val) [12][96]	top1_acc: 0.4098, top5_acc: 0.7516
2026-09-13 00:43:39,471 - pyskl - INFO - Epoch [13][100/1116]	lr: 1.403e-02, eta: 0:12:46, time: 0.195, data_time: 0.057, memory: 1422, top1_acc: 0.7712, top5_acc: 0.9619, loss_cls: 0.7844, loss: 0.7844
2026-09-13 00:43:56,987 - pyskl - INFO - Epoch [13][200/1116]	lr: 1.343e-02, eta: 0:12:28, time: 0.175, data_time: 0.037, memory: 1422, top1_acc: 0.7762, top5_acc: 0.9619, loss_cls: 0.7734, loss: 0.7734
2026-09-13 00:44:14,395 - pyskl - INFO - Epoch [13][300/1116]	lr: 1.283e-02, eta: 0:12:10, time: 0.174, data_time: 0.036, memory: 1422, top1_acc: 0.7588, top5_acc: 0.9663, loss_cls: 0.7892, loss: 0.7892
2026-09-13 00:44:32,018 - pyskl - INFO - Epoch [13][400/1116]	lr: 1.225e-02, eta: 0:11:53, time: 0.176, data_time: 0.039, memory: 1422, top1_acc: 0.7794, top5_acc: 0.9637, loss_cls: 0.7765, loss: 0.7765
2026-09-13 00:44:49,737 - pyskl - INFO - Epoch [13][500/1116]	lr: 1.168e-02, eta: 0:11:36, time: 0.177, data_time: 0.040, memory: 1422, top1_acc: 0.7919, top5_acc: 0.9675, loss_cls: 0.7209, loss: 0.7209
2026-09-13 00:45:06,970 - pyskl - INFO - Epoch [13][600/1116]	lr: 1.112e-02, eta: 0:11:18, time: 0.172, data_time: 0.036, memory: 1422, top1_acc: 0.7987, top5_acc: 0.9756, loss_cls: 0.6722, loss: 0.6722
2026-09-13 00:45:24,184 - pyskl - INFO - Epoch [13][700/1116]	lr: 1.057e-02, eta: 0:10:59, time: 0.172, data_time: 0.035, memory: 1422, top1_acc: 0.7825, top5_acc: 0.9663, loss_cls: 0.7274, loss: 0.7274
2026-09-13 00:45:41,536 - pyskl - INFO - Epoch [13][800/1116]	lr: 1.004e-02, eta: 0:10:41, time: 0.174, data_time: 0.036, memory: 1422, top1_acc: 0.7706, top5_acc: 0.9706, loss_cls: 0.7305, loss: 0.7305
2026-09-13 00:45:59,247 - pyskl - INFO - Epoch [13][900/1116]	lr: 9.517e-03, eta: 0:10:24, time: 0.177, data_time: 0.039, memory: 1422, top1_acc: 0.8137, top5_acc: 0.9744, loss_cls: 0.6562, loss: 0.6562
2026-09-13 00:46:16,528 - pyskl - INFO - Epoch [13][1000/1116]	lr: 9.007e-03, eta: 0:10:06, time: 0.173, data_time: 0.036, memory: 1422, top1_acc: 0.8344, top5_acc: 0.9875, loss_cls: 0.5722, loss: 0.5722
2026-09-13 00:46:34,112 - pyskl - INFO - Epoch [13][1100/1116]	lr: 8.510e-03, eta: 0:09:49, time: 0.176, data_time: 0.038, memory: 1422, top1_acc: 0.8413, top5_acc: 0.9862, loss_cls: 0.5575, loss: 0.5575
2026-09-13 00:46:37,167 - pyskl - INFO - Saving checkpoint at 13 epochs
2026-09-13 00:46:46,070 - pyskl - INFO - Evaluating top_k_accuracy ...
2026-09-13 00:46:46,074 - pyskl - INFO - 
top1_acc	0.4190
top5_acc	0.7523
2026-09-13 00:46:46,077 - pyskl - INFO - The previous best checkpoint /content/drive/MyDrive/wes237b_project/work_dirs/lite_stgcn_hmdb51/best_top1_acc_epoch_12.pth was removed
2026-09-13 00:46:46,148 - pyskl - INFO - Now best checkpoint is saved as best_top1_acc_epoch_13.pth.
2026-09-13 00:46:46,148 - pyskl - INFO - Best top1_acc is 0.4190 at 13 epoch.
2026-09-13 00:46:46,149 - pyskl - INFO - Epoch(val) [13][96]	top1_acc: 0.4190, top5_acc: 0.7523
2026-09-13 00:47:05,911 - pyskl - INFO - Epoch [14][100/1116]	lr: 7.949e-03, eta: 0:09:28, time: 0.198, data_time: 0.059, memory: 1422, top1_acc: 0.8556, top5_acc: 0.9819, loss_cls: 0.5271, loss: 0.5271
2026-09-13 00:47:23,800 - pyskl - INFO - Epoch [14][200/1116]	lr: 7.480e-03, eta: 0:09:11, time: 0.179, data_time: 0.041, memory: 1422, top1_acc: 0.8481, top5_acc: 0.9881, loss_cls: 0.5103, loss: 0.5103
