2026-09-12 23:51:55,758 - pyskl - INFO - Environment info:
------------------------------------------------------------
sys.platform: linux
Python: 3.10.21 (main, Aug 27 2026, 14:42:07) [GCC 14.3.0]
CUDA available: True
GPU 0: Tesla T4
CUDA_HOME: /usr/local/cuda
NVCC: Cuda compilation tools, release 12.8, V12.8.93
GCC: gcc (Ubuntu 13.3.0-6ubuntu2~24.04.1) 13.3.0
PyTorch: 1.11.0+cu113
PyTorch compiling details: PyTorch built with:
  - GCC 7.3
  - C++ Version: 201402
  - Intel(R) Math Kernel Library Version 2020.0.0 Product Build 20191122 for Intel(R) 64 architecture applications
  - Intel(R) MKL-DNN v2.5.2 (Git Hash a9302535553c73243c632ad3c4c80beec3d19a1e)
  - OpenMP 201511 (a.k.a. OpenMP 4.5)
  - LAPACK is enabled (usually provided by MKL)
  - NNPACK is enabled
  - CPU capability usage: AVX2
  - CUDA Runtime 11.3
  - NVCC architecture flags: -gencode;arch=compute_37,code=sm_37;-gencode;arch=compute_50,code=sm_50;-gencode;arch=compute_60,code=sm_60;-gencode;arch=compute_70,code=sm_70;-gencode;arch=compute_75,code=sm_75;-gencode;arch=compute_80,code=sm_80;-gencode;arch=compute_86,code=sm_86
  - CuDNN 8.2
  - Magma 2.5.2
  - Build settings: BLAS_INFO=mkl, BUILD_TYPE=Release, CUDA_VERSION=11.3, CUDNN_VERSION=8.2.0, CXX_COMPILER=/opt/rh/devtoolset-7/root/usr/bin/c++, CXX_FLAGS= -Wno-deprecated -fvisibility-inlines-hidden -DUSE_PTHREADPOOL -fopenmp -DNDEBUG -DUSE_KINETO -DUSE_FBGEMM -DUSE_QNNPACK -DUSE_PYTORCH_QNNPACK -DUSE_XNNPACK -DSYMBOLICATE_MOBILE_DEBUG_HANDLE -DEDGE_PROFILER_USE_KINETO -O2 -fPIC -Wno-narrowing -Wall -Wextra -Werror=return-type -Wno-missing-field-initializers -Wno-type-limits -Wno-array-bounds -Wno-unknown-pragmas -Wno-sign-compare -Wno-unused-parameter -Wno-unused-function -Wno-unused-result -Wno-unused-local-typedefs -Wno-strict-overflow -Wno-strict-aliasing -Wno-error=deprecated-declarations -Wno-stringop-overflow -Wno-psabi -Wno-error=pedantic -Wno-error=redundant-decls -Wno-error=old-style-cast -fdiagnostics-color=always -faligned-new -Wno-unused-but-set-variable -Wno-maybe-uninitialized -fno-math-errno -fno-trapping-math -Werror=format -Wno-stringop-overflow, LAPACK_INFO=mkl, PERF_WITH_AVX=1, PERF_WITH_AVX2=1, PERF_WITH_AVX512=1, TORCH_VERSION=1.11.0, USE_CUDA=ON, USE_CUDNN=ON, USE_EXCEPTION_PTR=1, USE_GFLAGS=OFF, USE_GLOG=OFF, USE_MKL=ON, USE_MKLDNN=OFF, USE_MPI=OFF, USE_NCCL=ON, USE_NNPACK=ON, USE_OPENMP=ON, USE_ROCM=OFF, 

TorchVision: 0.12.0+cu113
OpenCV: 5.0.0
MMCV: 1.5.0
MMCV Compiler: GCC 7.3
MMCV CUDA Compiler: 11.3
pyskl: 0.1.0+c5e107a
------------------------------------------------------------

2026-09-12 23:51:55,894 - pyskl - INFO - Config: model = dict(
    type='RecognizerGCN',
    backbone=dict(
        type='STGCN',
        tcn_type='dwstcn',
        graph_cfg=dict(layout='coco', mode='spatial')),
    cls_head=dict(type='GCNHead', num_classes=51, in_channels=256))
dataset_type = 'PoseDataset'
ann_file = '/content/pyskl_data/hmdb51_hrnet.pkl'
train_pipeline = [
    dict(type='PreNormalize2D'),
    dict(type='GenSkeFeat', dataset='coco', feats=['j']),
    dict(type='UniformSample', clip_len=100),
    dict(type='PoseDecode'),
    dict(type='FormatGCNInput', num_person=2),
    dict(type='Collect', keys=['keypoint', 'label'], meta_keys=[]),
    dict(type='ToTensor', keys=['keypoint'])
]
val_pipeline = [
    dict(type='PreNormalize2D'),
    dict(type='GenSkeFeat', dataset='coco', feats=['j']),
    dict(type='UniformSample', clip_len=100, num_clips=1),
    dict(type='PoseDecode'),
    dict(type='FormatGCNInput', num_person=2),
    dict(type='Collect', keys=['keypoint', 'label'], meta_keys=[]),
    dict(type='ToTensor', keys=['keypoint'])
]
test_pipeline = [
    dict(type='PreNormalize2D'),
    dict(type='GenSkeFeat', dataset='coco', feats=['j']),
    dict(type='UniformSample', clip_len=100, num_clips=10),
    dict(type='PoseDecode'),
    dict(type='FormatGCNInput', num_person=2),
    dict(type='Collect', keys=['keypoint', 'label'], meta_keys=[]),
    dict(type='ToTensor', keys=['keypoint'])
]
data = dict(
    videos_per_gpu=16,
    workers_per_gpu=2,
    test_dataloader=dict(videos_per_gpu=1),
    train=dict(
        type='RepeatDataset',
        times=5,
        dataset=dict(
            type='PoseDataset',
            ann_file='/content/pyskl_data/hmdb51_hrnet.pkl',
            pipeline=[
                dict(type='PreNormalize2D'),
                dict(type='GenSkeFeat', dataset='coco', feats=['j']),
                dict(type='UniformSample', clip_len=100),
                dict(type='PoseDecode'),
                dict(type='FormatGCNInput', num_person=2),
                dict(type='Collect', keys=['keypoint', 'label'], meta_keys=[]),
                dict(type='ToTensor', keys=['keypoint'])
            ],
            split='train1')),
    val=dict(
        type='PoseDataset',
        ann_file='/content/pyskl_data/hmdb51_hrnet.pkl',
        pipeline=[
            dict(type='PreNormalize2D'),
            dict(type='GenSkeFeat', dataset='coco', feats=['j']),
            dict(type='UniformSample', clip_len=100, num_clips=1),
            dict(type='PoseDecode'),
            dict(type='FormatGCNInput', num_person=2),
            dict(type='Collect', keys=['keypoint', 'label'], meta_keys=[]),
            dict(type='ToTensor', keys=['keypoint'])
        ],
        split='test1'),
    test=dict(
        type='PoseDataset',
        ann_file='/content/pyskl_data/hmdb51_hrnet.pkl',
        pipeline=[
            dict(type='PreNormalize2D'),
            dict(type='GenSkeFeat', dataset='coco', feats=['j']),
            dict(type='UniformSample', clip_len=100, num_clips=10),
            dict(type='PoseDecode'),
            dict(type='FormatGCNInput', num_person=2),
            dict(type='Collect', keys=['keypoint', 'label'], meta_keys=[]),
            dict(type='ToTensor', keys=['keypoint'])
        ],
        split='test1'))
optimizer = dict(
    type='SGD', lr=0.1, momentum=0.9, weight_decay=0.0005, nesterov=True)
optimizer_config = dict(grad_clip=None)
lr_config = dict(policy='CosineAnnealing', min_lr=0, by_epoch=False)
total_epochs = 16
checkpoint_config = dict(interval=1)
evaluation = dict(interval=1, metrics=['top_k_accuracy'])
log_config = dict(interval=100, hooks=[dict(type='TextLoggerHook')])
log_level = 'INFO'
work_dir = '/content/drive/MyDrive/wes237b_project/work_dirs/lite_stgcn_hmdb51'
dist_params = dict(backend='nccl')
gpu_ids = range(0, 1)

2026-09-12 23:51:55,895 - pyskl - INFO - Set random seed to 263606243, deterministic: False
2026-09-12 23:51:56,951 - pyskl - INFO - 3570 videos remain after valid thresholding
2026-09-12 23:52:07,450 - pyskl - INFO - 1530 videos remain after valid thresholding
2026-09-12 23:52:07,452 - pyskl - INFO - Start running, host: root@d67ee67eec23, work_dir: /content/drive/MyDrive/wes237b_project/work_dirs/lite_stgcn_hmdb51
2026-09-12 23:52:07,453 - pyskl - INFO - Hooks will be executed in the following order:
before_run:
(VERY_HIGH   ) CosineAnnealingLrUpdaterHook       
(NORMAL      ) CheckpointHook                     
(NORMAL      ) DistEvalHook                       
(VERY_LOW    ) TextLoggerHook                     
 -------------------- 
before_train_epoch:
(VERY_HIGH   ) CosineAnnealingLrUpdaterHook       
(NORMAL      ) DistSamplerSeedHook                
(NORMAL      ) DistEvalHook                       
(LOW         ) IterTimerHook                      
(VERY_LOW    ) TextLoggerHook                     
 -------------------- 
before_train_iter:
(VERY_HIGH   ) CosineAnnealingLrUpdaterHook       
(NORMAL      ) DistEvalHook                       
(LOW         ) IterTimerHook                      
 -------------------- 
after_train_iter:
(ABOVE_NORMAL) OptimizerHook                      
(NORMAL      ) CheckpointHook                     
(NORMAL      ) DistEvalHook                       
(LOW         ) IterTimerHook                      
(VERY_LOW    ) TextLoggerHook                     
 -------------------- 
after_train_epoch:
(NORMAL      ) CheckpointHook                     
(NORMAL      ) DistEvalHook                       
(VERY_LOW    ) TextLoggerHook                     
 -------------------- 
before_val_epoch:
(NORMAL      ) DistSamplerSeedHook                
(LOW         ) IterTimerHook                      
(VERY_LOW    ) TextLoggerHook                     
 -------------------- 
before_val_iter:
(LOW         ) IterTimerHook                      
 -------------------- 
after_val_iter:
(LOW         ) IterTimerHook                      
 -------------------- 
after_val_epoch:
(VERY_LOW    ) TextLoggerHook                     
 -------------------- 
after_run:
(VERY_LOW    ) TextLoggerHook                     
 -------------------- 
2026-09-12 23:52:07,453 - pyskl - INFO - workflow: [('train', 1)], max: 16 epochs
2026-09-12 23:52:07,454 - pyskl - INFO - Checkpoints will be saved to /content/drive/MyDrive/wes237b_project/work_dirs/lite_stgcn_hmdb51 by HardDiskBackend.
2026-09-12 23:52:30,403 - pyskl - INFO - Epoch [1][100/1116]	lr: 9.999e-02, eta: 1:07:46, time: 0.229, data_time: 0.103, memory: 1422, top1_acc: 0.0213, top5_acc: 0.1056, loss_cls: 4.1920, loss: 4.1920
2026-09-12 23:52:42,820 - pyskl - INFO - Epoch [1][200/1116]	lr: 9.997e-02, eta: 0:51:57, time: 0.124, data_time: 0.001, memory: 1422, top1_acc: 0.0294, top5_acc: 0.1363, loss_cls: 3.9111, loss: 3.9111
2026-09-12 23:52:55,535 - pyskl - INFO - Epoch [1][300/1116]	lr: 9.993e-02, eta: 0:46:50, time: 0.127, data_time: 0.001, memory: 1422, top1_acc: 0.0406, top5_acc: 0.1881, loss_cls: 3.8019, loss: 3.8019
2026-09-12 23:53:08,548 - pyskl - INFO - Epoch [1][400/1116]	lr: 9.988e-02, eta: 0:44:23, time: 0.130, data_time: 0.001, memory: 1422, top1_acc: 0.0475, top5_acc: 0.2188, loss_cls: 3.7070, loss: 3.7070
2026-09-12 23:53:21,983 - pyskl - INFO - Epoch [1][500/1116]	lr: 9.981e-02, eta: 0:43:05, time: 0.134, data_time: 0.001, memory: 1422, top1_acc: 0.0544, top5_acc: 0.2181, loss_cls: 3.6516, loss: 3.6516
2026-09-12 23:53:36,175 - pyskl - INFO - Epoch [1][600/1116]	lr: 9.972e-02, eta: 0:42:29, time: 0.142, data_time: 0.001, memory: 1422, top1_acc: 0.0587, top5_acc: 0.2387, loss_cls: 3.5774, loss: 3.5774
2026-09-12 23:53:51,290 - pyskl - INFO - Epoch [1][700/1116]	lr: 9.962e-02, eta: 0:42:23, time: 0.151, data_time: 0.001, memory: 1422, top1_acc: 0.0625, top5_acc: 0.2906, loss_cls: 3.4830, loss: 3.4830
2026-09-12 23:54:05,746 - pyskl - INFO - Epoch [1][800/1116]	lr: 9.951e-02, eta: 0:42:00, time: 0.145, data_time: 0.001, memory: 1422, top1_acc: 0.0788, top5_acc: 0.3200, loss_cls: 3.4436, loss: 3.4436
2026-09-12 23:54:19,631 - pyskl - INFO - Epoch [1][900/1116]	lr: 9.938e-02, eta: 0:41:29, time: 0.139, data_time: 0.001, memory: 1422, top1_acc: 0.0938, top5_acc: 0.3219, loss_cls: 3.3955, loss: 3.3955
2026-09-12 23:54:33,376 - pyskl - INFO - Epoch [1][1000/1116]	lr: 9.923e-02, eta: 0:40:58, time: 0.137, data_time: 0.001, memory: 1422, top1_acc: 0.1025, top5_acc: 0.3294, loss_cls: 3.3474, loss: 3.3474
2026-09-12 23:54:47,239 - pyskl - INFO - Epoch [1][1100/1116]	lr: 9.907e-02, eta: 0:40:33, time: 0.139, data_time: 0.001, memory: 1422, top1_acc: 0.1144, top5_acc: 0.3625, loss_cls: 3.2891, loss: 3.2891
2026-09-12 23:54:49,921 - pyskl - INFO - Saving checkpoint at 1 epochs
2026-09-12 23:55:04,396 - pyskl - INFO - Evaluating top_k_accuracy ...
2026-09-12 23:55:04,400 - pyskl - INFO - 
top1_acc	0.0935
top5_acc	0.3425
2026-09-12 23:55:04,471 - pyskl - INFO - Now best checkpoint is saved as best_top1_acc_epoch_1.pth.
2026-09-12 23:55:04,472 - pyskl - INFO - Best top1_acc is 0.0935 at 1 epoch.
2026-09-12 23:55:04,473 - pyskl - INFO - Epoch(val) [1][96]	top1_acc: 0.0935, top5_acc: 0.3425
2026-09-12 23:55:28,531 - pyskl - INFO - Epoch [2][100/1116]	lr: 9.886e-02, eta: 0:41:54, time: 0.240, data_time: 0.097, memory: 1422, top1_acc: 0.1031, top5_acc: 0.3875, loss_cls: 3.2901, loss: 3.2901
2026-09-12 23:55:44,443 - pyskl - INFO - Epoch [2][200/1116]	lr: 9.867e-02, eta: 0:41:49, time: 0.159, data_time: 0.001, memory: 1422, top1_acc: 0.1244, top5_acc: 0.3969, loss_cls: 3.1959, loss: 3.1959
2026-09-12 23:55:59,027 - pyskl - INFO - Epoch [2][300/1116]	lr: 9.846e-02, eta: 0:41:27, time: 0.146, data_time: 0.001, memory: 1422, top1_acc: 0.1394, top5_acc: 0.4300, loss_cls: 3.1384, loss: 3.1384
2026-09-12 23:56:12,794 - pyskl - INFO - Epoch [2][400/1116]	lr: 9.823e-02, eta: 0:40:57, time: 0.138, data_time: 0.001, memory: 1422, top1_acc: 0.1200, top5_acc: 0.4125, loss_cls: 3.2099, loss: 3.2099
2026-09-12 23:56:26,331 - pyskl - INFO - Epoch [2][500/1116]	lr: 9.800e-02, eta: 0:40:27, time: 0.135, data_time: 0.001, memory: 1422, top1_acc: 0.1225, top5_acc: 0.4106, loss_cls: 3.1703, loss: 3.1703
2026-09-12 23:56:40,049 - pyskl - INFO - Epoch [2][600/1116]	lr: 9.774e-02, eta: 0:40:00, time: 0.137, data_time: 0.001, memory: 1422, top1_acc: 0.1494, top5_acc: 0.4506, loss_cls: 3.0975, loss: 3.0975
2026-09-12 23:56:54,181 - pyskl - INFO - Epoch [2][700/1116]	lr: 9.747e-02, eta: 0:39:39, time: 0.141, data_time: 0.001, memory: 1422, top1_acc: 0.1425, top5_acc: 0.4506, loss_cls: 3.0840, loss: 3.0840
2026-09-12 23:57:08,521 - pyskl - INFO - Epoch [2][800/1116]	lr: 9.719e-02, eta: 0:39:20, time: 0.143, data_time: 0.001, memory: 1422, top1_acc: 0.1325, top5_acc: 0.4231, loss_cls: 3.1411, loss: 3.1411
2026-09-12 23:57:22,928 - pyskl - INFO - Epoch [2][900/1116]	lr: 9.689e-02, eta: 0:39:02, time: 0.144, data_time: 0.001, memory: 1422, top1_acc: 0.1613, top5_acc: 0.4775, loss_cls: 3.0572, loss: 3.0572
2026-09-12 23:57:37,082 - pyskl - INFO - Epoch [2][1000/1116]	lr: 9.658e-02, eta: 0:38:42, time: 0.142, data_time: 0.001, memory: 1422, top1_acc: 0.1638, top5_acc: 0.4763, loss_cls: 3.0427, loss: 3.0427
2026-09-12 23:57:51,122 - pyskl - INFO - Epoch [2][1100/1116]	lr: 9.625e-02, eta: 0:38:23, time: 0.140, data_time: 0.001, memory: 1422, top1_acc: 0.1675, top5_acc: 0.4806, loss_cls: 3.0071, loss: 3.0071
2026-09-12 23:57:53,839 - pyskl - INFO - Saving checkpoint at 2 epochs
2026-09-12 23:58:08,408 - pyskl - INFO - Evaluating top_k_accuracy ...
2026-09-12 23:58:08,412 - pyskl - INFO - 
top1_acc	0.1183
top5_acc	0.4294
2026-09-12 23:58:08,416 - pyskl - INFO - The previous best checkpoint /content/drive/MyDrive/wes237b_project/work_dirs/lite_stgcn_hmdb51/best_top1_acc_epoch_1.pth was removed
2026-09-12 23:58:08,492 - pyskl - INFO - Now best checkpoint is saved as best_top1_acc_epoch_2.pth.
2026-09-12 23:58:08,493 - pyskl - INFO - Best top1_acc is 0.1183 at 2 epoch.
2026-09-12 23:58:08,494 - pyskl - INFO - Epoch(val) [2][96]	top1_acc: 0.1183, top5_acc: 0.4294
2026-09-12 23:58:30,905 - pyskl - INFO - Epoch [3][100/1116]	lr: 9.585e-02, eta: 0:38:41, time: 0.224, data_time: 0.082, memory: 1422, top1_acc: 0.1756, top5_acc: 0.5006, loss_cls: 2.9520, loss: 2.9520
2026-09-12 23:58:46,695 - pyskl - INFO - Epoch [3][200/1116]	lr: 9.550e-02, eta: 0:38:31, time: 0.158, data_time: 0.001, memory: 1422, top1_acc: 0.1744, top5_acc: 0.4963, loss_cls: 2.9652, loss: 2.9652
2026-09-12 23:59:01,586 - pyskl - INFO - Epoch [3][300/1116]	lr: 9.512e-02, eta: 0:38:15, time: 0.149, data_time: 0.001, memory: 1422, top1_acc: 0.1663, top5_acc: 0.5181, loss_cls: 2.9325, loss: 2.9325
2026-09-12 23:59:15,627 - pyskl - INFO - Epoch [3][400/1116]	lr: 9.474e-02, eta: 0:37:55, time: 0.140, data_time: 0.001, memory: 1422, top1_acc: 0.1950, top5_acc: 0.5219, loss_cls: 2.9267, loss: 2.9267
2026-09-12 23:59:29,314 - pyskl - INFO - Epoch [3][500/1116]	lr: 9.434e-02, eta: 0:37:33, time: 0.137, data_time: 0.001, memory: 1422, top1_acc: 0.1800, top5_acc: 0.5025, loss_cls: 2.9567, loss: 2.9567
2026-09-12 23:59:43,052 - pyskl - INFO - Epoch [3][600/1116]	lr: 9.392e-02, eta: 0:37:12, time: 0.137, data_time: 0.001, memory: 1422, top1_acc: 0.1944, top5_acc: 0.5150, loss_cls: 2.9008, loss: 2.9008
2026-09-12 23:59:57,027 - pyskl - INFO - Epoch [3][700/1116]	lr: 9.350e-02, eta: 0:36:53, time: 0.140, data_time: 0.001, memory: 1422, top1_acc: 0.1825, top5_acc: 0.5169, loss_cls: 2.9043, loss: 2.9043
2026-09-13 00:00:11,280 - pyskl - INFO - Epoch [3][800/1116]	lr: 9.306e-02, eta: 0:36:35, time: 0.143, data_time: 0.001, memory: 1422, top1_acc: 0.2162, top5_acc: 0.5456, loss_cls: 2.8787, loss: 2.8787
2026-09-13 00:00:25,660 - pyskl - INFO - Epoch [3][900/1116]	lr: 9.260e-02, eta: 0:36:18, time: 0.144, data_time: 0.001, memory: 1422, top1_acc: 0.1869, top5_acc: 0.5475, loss_cls: 2.8839, loss: 2.8839
2026-09-13 00:00:39,887 - pyskl - INFO - Epoch [3][1000/1116]	lr: 9.214e-02, eta: 0:36:01, time: 0.142, data_time: 0.001, memory: 1422, top1_acc: 0.1919, top5_acc: 0.5413, loss_cls: 2.8785, loss: 2.8785
2026-09-13 00:00:53,993 - pyskl - INFO - Epoch [3][1100/1116]	lr: 9.166e-02, eta: 0:35:43, time: 0.141, data_time: 0.001, memory: 1422, top1_acc: 0.2150, top5_acc: 0.5431, loss_cls: 2.8330, loss: 2.8330
2026-09-13 00:00:56,846 - pyskl - INFO - Saving checkpoint at 3 epochs
2026-09-13 00:01:09,995 - pyskl - INFO - Evaluating top_k_accuracy ...
2026-09-13 00:01:09,998 - pyskl - INFO - 
top1_acc	0.2026
top5_acc	0.5340
2026-09-13 00:01:10,003 - pyskl - INFO - The previous best checkpoint /content/drive/MyDrive/wes237b_project/work_dirs/lite_stgcn_hmdb51/best_top1_acc_epoch_2.pth was removed
2026-09-13 00:01:10,072 - pyskl - INFO - Now best checkpoint is saved as best_top1_acc_epoch_3.pth.
2026-09-13 00:01:10,073 - pyskl - INFO - Best top1_acc is 0.2026 at 3 epoch.
2026-09-13 00:01:10,074 - pyskl - INFO - Epoch(val) [3][96]	top1_acc: 0.2026, top5_acc: 0.5340
2026-09-13 00:01:33,180 - pyskl - INFO - Epoch [4][100/1116]	lr: 9.108e-02, eta: 0:35:51, time: 0.231, data_time: 0.090, memory: 1422, top1_acc: 0.2131, top5_acc: 0.5663, loss_cls: 2.8042, loss: 2.8042
2026-09-13 00:01:48,821 - pyskl - INFO - Epoch [4][200/1116]	lr: 9.058e-02, eta: 0:35:39, time: 0.156, data_time: 0.001, memory: 1422, top1_acc: 0.2244, top5_acc: 0.5875, loss_cls: 2.7523, loss: 2.7523
2026-09-13 00:02:03,948 - pyskl - INFO - Epoch [4][300/1116]	lr: 9.006e-02, eta: 0:35:24, time: 0.151, data_time: 0.001, memory: 1422, top1_acc: 0.2444, top5_acc: 0.5869, loss_cls: 2.7242, loss: 2.7242
2026-09-13 00:02:17,949 - pyskl - INFO - Epoch [4][400/1116]	lr: 8.952e-02, eta: 0:35:06, time: 0.140, data_time: 0.001, memory: 1422, top1_acc: 0.2338, top5_acc: 0.5769, loss_cls: 2.7742, loss: 2.7742
2026-09-13 00:02:31,595 - pyskl - INFO - Epoch [4][500/1116]	lr: 8.898e-02, eta: 0:34:46, time: 0.136, data_time: 0.001, memory: 1422, top1_acc: 0.2269, top5_acc: 0.6050, loss_cls: 2.7267, loss: 2.7267
2026-09-13 00:02:45,283 - pyskl - INFO - Epoch [4][600/1116]	lr: 8.842e-02, eta: 0:34:27, time: 0.137, data_time: 0.001, memory: 1422, top1_acc: 0.2500, top5_acc: 0.6012, loss_cls: 2.6666, loss: 2.6666
2026-09-13 00:02:59,300 - pyskl - INFO - Epoch [4][700/1116]	lr: 8.785e-02, eta: 0:34:09, time: 0.140, data_time: 0.001, memory: 1422, top1_acc: 0.2550, top5_acc: 0.6094, loss_cls: 2.6742, loss: 2.6742
2026-09-13 00:03:13,537 - pyskl - INFO - Epoch [4][800/1116]	lr: 8.727e-02, eta: 0:33:52, time: 0.142, data_time: 0.001, memory: 1422, top1_acc: 0.2188, top5_acc: 0.5806, loss_cls: 2.7548, loss: 2.7548
2026-09-13 00:03:27,968 - pyskl - INFO - Epoch [4][900/1116]	lr: 8.668e-02, eta: 0:33:36, time: 0.144, data_time: 0.001, memory: 1422, top1_acc: 0.2669, top5_acc: 0.6194, loss_cls: 2.6159, loss: 2.6159
2026-09-13 00:03:42,251 - pyskl - INFO - Epoch [4][1000/1116]	lr: 8.608e-02, eta: 0:33:20, time: 0.143, data_time: 0.001, memory: 1422, top1_acc: 0.2681, top5_acc: 0.5925, loss_cls: 2.6381, loss: 2.6381
2026-09-13 00:03:56,431 - pyskl - INFO - Epoch [4][1100/1116]	lr: 8.546e-02, eta: 0:33:03, time: 0.142, data_time: 0.001, memory: 1422, top1_acc: 0.2888, top5_acc: 0.6456, loss_cls: 2.5726, loss: 2.5726
2026-09-13 00:03:59,136 - pyskl - INFO - Saving checkpoint at 4 epochs
2026-09-13 00:04:13,777 - pyskl - INFO - Evaluating top_k_accuracy ...
2026-09-13 00:04:13,781 - pyskl - INFO - 
top1_acc	0.2523
top5_acc	0.5758
2026-09-13 00:04:13,785 - pyskl - INFO - The previous best checkpoint /content/drive/MyDrive/wes237b_project/work_dirs/lite_stgcn_hmdb51/best_top1_acc_epoch_3.pth was removed
2026-09-13 00:04:13,853 - pyskl - INFO - Now best checkpoint is saved as best_top1_acc_epoch_4.pth.
2026-09-13 00:04:13,853 - pyskl - INFO - Best top1_acc is 0.2523 at 4 epoch.
2026-09-13 00:04:13,854 - pyskl - INFO - Epoch(val) [4][96]	top1_acc: 0.2523, top5_acc: 0.5758
2026-09-13 00:04:36,774 - pyskl - INFO - Epoch [5][100/1116]	lr: 8.473e-02, eta: 0:33:03, time: 0.229, data_time: 0.086, memory: 1422, top1_acc: 0.2931, top5_acc: 0.6600, loss_cls: 2.5083, loss: 2.5083
2026-09-13 00:04:52,521 - pyskl - INFO - Epoch [5][200/1116]	lr: 8.410e-02, eta: 0:32:50, time: 0.157, data_time: 0.001, memory: 1422, top1_acc: 0.2775, top5_acc: 0.6212, loss_cls: 2.5709, loss: 2.5709
2026-09-13 00:05:07,439 - pyskl - INFO - Epoch [5][300/1116]	lr: 8.345e-02, eta: 0:32:35, time: 0.149, data_time: 0.001, memory: 1422, top1_acc: 0.3038, top5_acc: 0.6506, loss_cls: 2.5071, loss: 2.5071
2026-09-13 00:05:21,408 - pyskl - INFO - Epoch [5][400/1116]	lr: 8.279e-02, eta: 0:32:18, time: 0.140, data_time: 0.001, memory: 1422, top1_acc: 0.2881, top5_acc: 0.6562, loss_cls: 2.4967, loss: 2.4967
2026-09-13 00:05:35,113 - pyskl - INFO - Epoch [5][500/1116]	lr: 8.212e-02, eta: 0:31:59, time: 0.137, data_time: 0.001, memory: 1422, top1_acc: 0.2906, top5_acc: 0.6550, loss_cls: 2.5146, loss: 2.5146
2026-09-13 00:05:48,851 - pyskl - INFO - Epoch [5][600/1116]	lr: 8.144e-02, eta: 0:31:42, time: 0.137, data_time: 0.001, memory: 1422, top1_acc: 0.3219, top5_acc: 0.6819, loss_cls: 2.4276, loss: 2.4276
2026-09-13 00:06:02,782 - pyskl - INFO - Epoch [5][700/1116]	lr: 8.075e-02, eta: 0:31:24, time: 0.139, data_time: 0.001, memory: 1422, top1_acc: 0.3200, top5_acc: 0.6813, loss_cls: 2.4139, loss: 2.4139
2026-09-13 00:06:17,033 - pyskl - INFO - Epoch [5][800/1116]	lr: 8.005e-02, eta: 0:31:08, time: 0.142, data_time: 0.001, memory: 1422, top1_acc: 0.3056, top5_acc: 0.6625, loss_cls: 2.4533, loss: 2.4533
2026-09-13 00:06:31,385 - pyskl - INFO - Epoch [5][900/1116]	lr: 7.935e-02, eta: 0:30:52, time: 0.144, data_time: 0.001, memory: 1422, top1_acc: 0.3150, top5_acc: 0.6756, loss_cls: 2.4026, loss: 2.4026
2026-09-13 00:06:45,634 - pyskl - INFO - Epoch [5][1000/1116]	lr: 7.863e-02, eta: 0:30:36, time: 0.142, data_time: 0.001, memory: 1422, top1_acc: 0.3262, top5_acc: 0.6819, loss_cls: 2.3953, loss: 2.3953
2026-09-13 00:06:59,780 - pyskl - INFO - Epoch [5][1100/1116]	lr: 7.790e-02, eta: 0:30:20, time: 0.141, data_time: 0.001, memory: 1422, top1_acc: 0.3369, top5_acc: 0.7081, loss_cls: 2.3134, loss: 2.3134
2026-09-13 00:07:02,814 - pyskl - INFO - Saving checkpoint at 5 epochs
2026-09-13 00:07:15,997 - pyskl - INFO - Evaluating top_k_accuracy ...
2026-09-13 00:07:16,003 - pyskl - INFO - 
top1_acc	0.2444
top5_acc	0.5863
2026-09-13 00:07:16,004 - pyskl - INFO - Epoch(val) [5][96]	top1_acc: 0.2444, top5_acc: 0.5863
2026-09-13 00:07:38,768 - pyskl - INFO - Epoch [6][100/1116]	lr: 7.705e-02, eta: 0:30:14, time: 0.227, data_time: 0.087, memory: 1422, top1_acc: 0.3169, top5_acc: 0.6931, loss_cls: 2.3660, loss: 2.3660
2026-09-13 00:07:54,327 - pyskl - INFO - Epoch [6][200/1116]	lr: 7.631e-02, eta: 0:30:01, time: 0.156, data_time: 0.001, memory: 1422, top1_acc: 0.3513, top5_acc: 0.6981, loss_cls: 2.3395, loss: 2.3395
2026-09-13 00:08:09,429 - pyskl - INFO - Epoch [6][300/1116]	lr: 7.555e-02, eta: 0:29:46, time: 0.151, data_time: 0.001, memory: 1422, top1_acc: 0.3556, top5_acc: 0.6981, loss_cls: 2.2849, loss: 2.2849
2026-09-13 00:08:23,481 - pyskl - INFO - Epoch [6][400/1116]	lr: 7.479e-02, eta: 0:29:30, time: 0.141, data_time: 0.001, memory: 1422, top1_acc: 0.3513, top5_acc: 0.6981, loss_cls: 2.2686, loss: 2.2686
2026-09-13 00:08:37,155 - pyskl - INFO - Epoch [6][500/1116]	lr: 7.403e-02, eta: 0:29:12, time: 0.137, data_time: 0.001, memory: 1422, top1_acc: 0.3600, top5_acc: 0.7225, loss_cls: 2.2449, loss: 2.2449
2026-09-13 00:08:50,830 - pyskl - INFO - Epoch [6][600/1116]	lr: 7.325e-02, eta: 0:28:55, time: 0.137, data_time: 0.001, memory: 1422, top1_acc: 0.3844, top5_acc: 0.7275, loss_cls: 2.1899, loss: 2.1899
2026-09-13 00:09:04,792 - pyskl - INFO - Epoch [6][700/1116]	lr: 7.247e-02, eta: 0:28:39, time: 0.140, data_time: 0.001, memory: 1422, top1_acc: 0.3775, top5_acc: 0.7200, loss_cls: 2.1907, loss: 2.1907
2026-09-13 00:09:18,991 - pyskl - INFO - Epoch [6][800/1116]	lr: 7.168e-02, eta: 0:28:23, time: 0.142, data_time: 0.001, memory: 1422, top1_acc: 0.3869, top5_acc: 0.7306, loss_cls: 2.1458, loss: 2.1458
2026-09-13 00:09:33,304 - pyskl - INFO - Epoch [6][900/1116]	lr: 7.088e-02, eta: 0:28:07, time: 0.143, data_time: 0.001, memory: 1422, top1_acc: 0.3775, top5_acc: 0.7231, loss_cls: 2.2052, loss: 2.2052
2026-09-13 00:09:47,577 - pyskl - INFO - Epoch [6][1000/1116]	lr: 7.008e-02, eta: 0:27:51, time: 0.143, data_time: 0.001, memory: 1422, top1_acc: 0.3731, top5_acc: 0.7338, loss_cls: 2.1855, loss: 2.1855
2026-09-13 00:10:01,700 - pyskl - INFO - Epoch [6][1100/1116]	lr: 6.927e-02, eta: 0:27:35, time: 0.141, data_time: 0.001, memory: 1422, top1_acc: 0.3575, top5_acc: 0.7288, loss_cls: 2.2218, loss: 2.2218
2026-09-13 00:10:04,399 - pyskl - INFO - Saving checkpoint at 6 epochs
2026-09-13 00:10:18,864 - pyskl - INFO - Evaluating top_k_accuracy ...
2026-09-13 00:10:18,868 - pyskl - INFO - 
top1_acc	0.2974
top5_acc	0.6386
2026-09-13 00:10:18,871 - pyskl - INFO - The previous best checkpoint /content/drive/MyDrive/wes237b_project/work_dirs/lite_stgcn_hmdb51/best_top1_acc_epoch_4.pth was removed
2026-09-13 00:10:18,943 - pyskl - INFO - Now best checkpoint is saved as best_top1_acc_epoch_6.pth.
2026-09-13 00:10:18,944 - pyskl - INFO - Best top1_acc is 0.2974 at 6 epoch.
2026-09-13 00:10:18,945 - pyskl - INFO - Epoch(val) [6][96]	top1_acc: 0.2974, top5_acc: 0.6386
2026-09-13 00:10:42,055 - pyskl - INFO - Epoch [7][100/1116]	lr: 6.833e-02, eta: 0:27:27, time: 0.231, data_time: 0.089, memory: 1422, top1_acc: 0.3881, top5_acc: 0.7556, loss_cls: 2.1065, loss: 2.1065
2026-09-13 00:10:57,651 - pyskl - INFO - Epoch [7][200/1116]	lr: 6.751e-02, eta: 0:27:14, time: 0.156, data_time: 0.001, memory: 1422, top1_acc: 0.3894, top5_acc: 0.7550, loss_cls: 2.1043, loss: 2.1043
