2026-09-13 01:43:25,812 - pyskl - INFO - Environment info:
------------------------------------------------------------
sys.platform: linux
Python: 3.10.21 (main, Aug 27 2026, 14:42:07) [GCC 14.3.0]
CUDA available: True
GPU 0: Tesla T4
CUDA_HOME: /usr/local/cuda
NVCC: Cuda compilation tools, release 12.8, V12.8.93
GCC: gcc (Ubuntu 13.3.0-6ubuntu2~24.04.1) 13.3.0
PyTorch: 1.11.0+cu113
PyTorch compiling details: PyTorch built with:
  - GCC 7.3
  - C++ Version: 201402
  - Intel(R) Math Kernel Library Version 2020.0.0 Product Build 20191122 for Intel(R) 64 architecture applications
  - Intel(R) MKL-DNN v2.5.2 (Git Hash a9302535553c73243c632ad3c4c80beec3d19a1e)
  - OpenMP 201511 (a.k.a. OpenMP 4.5)
  - LAPACK is enabled (usually provided by MKL)
  - NNPACK is enabled
  - CPU capability usage: AVX2
  - CUDA Runtime 11.3
  - NVCC architecture flags: -gencode;arch=compute_37,code=sm_37;-gencode;arch=compute_50,code=sm_50;-gencode;arch=compute_60,code=sm_60;-gencode;arch=compute_70,code=sm_70;-gencode;arch=compute_75,code=sm_75;-gencode;arch=compute_80,code=sm_80;-gencode;arch=compute_86,code=sm_86
  - CuDNN 8.2
  - Magma 2.5.2
  - Build settings: BLAS_INFO=mkl, BUILD_TYPE=Release, CUDA_VERSION=11.3, CUDNN_VERSION=8.2.0, CXX_COMPILER=/opt/rh/devtoolset-7/root/usr/bin/c++, CXX_FLAGS= -Wno-deprecated -fvisibility-inlines-hidden -DUSE_PTHREADPOOL -fopenmp -DNDEBUG -DUSE_KINETO -DUSE_FBGEMM -DUSE_QNNPACK -DUSE_PYTORCH_QNNPACK -DUSE_XNNPACK -DSYMBOLICATE_MOBILE_DEBUG_HANDLE -DEDGE_PROFILER_USE_KINETO -O2 -fPIC -Wno-narrowing -Wall -Wextra -Werror=return-type -Wno-missing-field-initializers -Wno-type-limits -Wno-array-bounds -Wno-unknown-pragmas -Wno-sign-compare -Wno-unused-parameter -Wno-unused-function -Wno-unused-result -Wno-unused-local-typedefs -Wno-strict-overflow -Wno-strict-aliasing -Wno-error=deprecated-declarations -Wno-stringop-overflow -Wno-psabi -Wno-error=pedantic -Wno-error=redundant-decls -Wno-error=old-style-cast -fdiagnostics-color=always -faligned-new -Wno-unused-but-set-variable -Wno-maybe-uninitialized -fno-math-errno -fno-trapping-math -Werror=format -Wno-stringop-overflow, LAPACK_INFO=mkl, PERF_WITH_AVX=1, PERF_WITH_AVX2=1, PERF_WITH_AVX512=1, TORCH_VERSION=1.11.0, USE_CUDA=ON, USE_CUDNN=ON, USE_EXCEPTION_PTR=1, USE_GFLAGS=OFF, USE_GLOG=OFF, USE_MKL=ON, USE_MKLDNN=OFF, USE_MPI=OFF, USE_NCCL=ON, USE_NNPACK=ON, USE_OPENMP=ON, USE_ROCM=OFF, 

TorchVision: 0.12.0+cu113
OpenCV: 5.0.0
MMCV: 1.5.0
MMCV Compiler: GCC 7.3
MMCV CUDA Compiler: 11.3
pyskl: 0.1.0+ebbff1d
------------------------------------------------------------

2026-09-13 01:43:26,046 - pyskl - INFO - Config: model = dict(
    type='RecognizerGCN',
    backbone=dict(
        type='STGCN',
        tcn_type='unit_tcn',
        graph_cfg=dict(layout='coco', mode='spatial')),
    cls_head=dict(type='GCNHead', num_classes=51, in_channels=256))
dataset_type = 'PoseDataset'
ann_file = '/content/pyskl_data/hmdb51_hrnet.pkl'
train_pipeline = [
    dict(type='PreNormalize2D'),
    dict(type='GenSkeFeat', dataset='coco', feats=['j']),
    dict(type='UniformSample', clip_len=100),
    dict(type='PoseDecode'),
    dict(type='FormatGCNInput', num_person=2),
    dict(type='Collect', keys=['keypoint', 'label'], meta_keys=[]),
    dict(type='ToTensor', keys=['keypoint'])
]
val_pipeline = [
    dict(type='PreNormalize2D'),
    dict(type='GenSkeFeat', dataset='coco', feats=['j']),
    dict(type='UniformSample', clip_len=100, num_clips=1),
    dict(type='PoseDecode'),
    dict(type='FormatGCNInput', num_person=2),
    dict(type='Collect', keys=['keypoint', 'label'], meta_keys=[]),
    dict(type='ToTensor', keys=['keypoint'])
]
test_pipeline = [
    dict(type='PreNormalize2D'),
    dict(type='GenSkeFeat', dataset='coco', feats=['j']),
    dict(type='UniformSample', clip_len=100, num_clips=10),
    dict(type='PoseDecode'),
    dict(type='FormatGCNInput', num_person=2),
    dict(type='Collect', keys=['keypoint', 'label'], meta_keys=[]),
    dict(type='ToTensor', keys=['keypoint'])
]
data = dict(
    videos_per_gpu=16,
    workers_per_gpu=2,
    test_dataloader=dict(videos_per_gpu=1),
    train=dict(
        type='RepeatDataset',
        times=5,
        dataset=dict(
            type='PoseDataset',
            ann_file='/content/pyskl_data/hmdb51_hrnet.pkl',
            pipeline=[
                dict(type='PreNormalize2D'),
                dict(type='GenSkeFeat', dataset='coco', feats=['j']),
                dict(type='UniformSample', clip_len=100),
                dict(type='PoseDecode'),
                dict(type='FormatGCNInput', num_person=2),
                dict(type='Collect', keys=['keypoint', 'label'], meta_keys=[]),
                dict(type='ToTensor', keys=['keypoint'])
            ],
            split='train1')),
    val=dict(
        type='PoseDataset',
        ann_file='/content/pyskl_data/hmdb51_hrnet.pkl',
        pipeline=[
            dict(type='PreNormalize2D'),
            dict(type='GenSkeFeat', dataset='coco', feats=['j']),
            dict(type='UniformSample', clip_len=100, num_clips=1),
            dict(type='PoseDecode'),
            dict(type='FormatGCNInput', num_person=2),
            dict(type='Collect', keys=['keypoint', 'label'], meta_keys=[]),
            dict(type='ToTensor', keys=['keypoint'])
        ],
        split='test1'),
    test=dict(
        type='PoseDataset',
        ann_file='/content/pyskl_data/hmdb51_hrnet.pkl',
        pipeline=[
            dict(type='PreNormalize2D'),
            dict(type='GenSkeFeat', dataset='coco', feats=['j']),
            dict(type='UniformSample', clip_len=100, num_clips=10),
            dict(type='PoseDecode'),
            dict(type='FormatGCNInput', num_person=2),
            dict(type='Collect', keys=['keypoint', 'label'], meta_keys=[]),
            dict(type='ToTensor', keys=['keypoint'])
        ],
        split='test1'))
optimizer = dict(
    type='SGD', lr=0.1, momentum=0.9, weight_decay=0.0005, nesterov=True)
optimizer_config = dict(grad_clip=None)
lr_config = dict(policy='CosineAnnealing', min_lr=0, by_epoch=False)
total_epochs = 16
checkpoint_config = dict(interval=1)
evaluation = dict(interval=1, metrics=['top_k_accuracy'])
log_config = dict(interval=100, hooks=[dict(type='TextLoggerHook')])
log_level = 'INFO'
work_dir = '/content/drive/MyDrive/wes237b_project/work_dirs/baseline_stgcn_hmdb51'
dist_params = dict(backend='gloo')
gpu_ids = range(0, 1)

2026-09-13 01:43:26,046 - pyskl - INFO - Set random seed to 1316404963, deterministic: False
2026-09-13 01:43:27,613 - pyskl - INFO - 3570 videos remain after valid thresholding
2026-09-13 01:43:33,683 - pyskl - INFO - 1530 videos remain after valid thresholding
2026-09-13 01:43:33,685 - pyskl - INFO - Start running, host: root@d67ee67eec23, work_dir: /content/drive/MyDrive/wes237b_project/work_dirs/baseline_stgcn_hmdb51
2026-09-13 01:43:33,686 - pyskl - INFO - Hooks will be executed in the following order:
before_run:
(VERY_HIGH   ) CosineAnnealingLrUpdaterHook       
(NORMAL      ) CheckpointHook                     
(NORMAL      ) DistEvalHook                       
(VERY_LOW    ) TextLoggerHook                     
 -------------------- 
before_train_epoch:
(VERY_HIGH   ) CosineAnnealingLrUpdaterHook       
(NORMAL      ) DistSamplerSeedHook                
(NORMAL      ) DistEvalHook                       
(LOW         ) IterTimerHook                      
(VERY_LOW    ) TextLoggerHook                     
 -------------------- 
before_train_iter:
(VERY_HIGH   ) CosineAnnealingLrUpdaterHook       
(NORMAL      ) DistEvalHook                       
(LOW         ) IterTimerHook                      
 -------------------- 
after_train_iter:
(ABOVE_NORMAL) OptimizerHook                      
(NORMAL      ) CheckpointHook                     
(NORMAL      ) DistEvalHook                       
(LOW         ) IterTimerHook                      
(VERY_LOW    ) TextLoggerHook                     
 -------------------- 
after_train_epoch:
(NORMAL      ) CheckpointHook                     
(NORMAL      ) DistEvalHook                       
(VERY_LOW    ) TextLoggerHook                     
 -------------------- 
before_val_epoch:
(NORMAL      ) DistSamplerSeedHook                
(LOW         ) IterTimerHook                      
(VERY_LOW    ) TextLoggerHook                     
 -------------------- 
before_val_iter:
(LOW         ) IterTimerHook                      
 -------------------- 
after_val_iter:
(LOW         ) IterTimerHook                      
 -------------------- 
after_val_epoch:
(VERY_LOW    ) TextLoggerHook                     
 -------------------- 
after_run:
(VERY_LOW    ) TextLoggerHook                     
 -------------------- 
2026-09-13 01:43:33,686 - pyskl - INFO - workflow: [('train', 1)], max: 16 epochs
2026-09-13 01:43:33,687 - pyskl - INFO - Checkpoints will be saved to /content/drive/MyDrive/wes237b_project/work_dirs/baseline_stgcn_hmdb51 by HardDiskBackend.
2026-09-13 01:44:01,925 - pyskl - INFO - Epoch [1][100/1116]	lr: 9.999e-02, eta: 1:23:30, time: 0.282, data_time: 0.095, memory: 1172, top1_acc: 0.0294, top5_acc: 0.1450, loss_cls: 4.0230, loss: 4.0230
2026-09-13 01:44:20,960 - pyskl - INFO - Epoch [1][200/1116]	lr: 9.997e-02, eta: 1:09:31, time: 0.190, data_time: 0.000, memory: 1172, top1_acc: 0.0281, top5_acc: 0.1556, loss_cls: 3.7865, loss: 3.7865
2026-09-13 01:44:40,966 - pyskl - INFO - Epoch [1][300/1116]	lr: 9.993e-02, eta: 1:05:35, time: 0.200, data_time: 0.000, memory: 1172, top1_acc: 0.0450, top5_acc: 0.2056, loss_cls: 3.7070, loss: 3.7070
2026-09-13 01:45:02,204 - pyskl - INFO - Epoch [1][400/1116]	lr: 9.988e-02, eta: 1:04:21, time: 0.212, data_time: 0.001, memory: 1172, top1_acc: 0.0512, top5_acc: 0.2200, loss_cls: 3.6450, loss: 3.6450
2026-09-13 01:45:24,336 - pyskl - INFO - Epoch [1][500/1116]	lr: 9.981e-02, eta: 1:04:00, time: 0.221, data_time: 0.001, memory: 1172, top1_acc: 0.0519, top5_acc: 0.2031, loss_cls: 3.6747, loss: 3.6747
2026-09-13 01:45:45,172 - pyskl - INFO - Epoch [1][600/1116]	lr: 9.972e-02, eta: 1:03:00, time: 0.208, data_time: 0.001, memory: 1172, top1_acc: 0.0563, top5_acc: 0.2550, loss_cls: 3.5642, loss: 3.5642
2026-09-13 01:46:05,828 - pyskl - INFO - Epoch [1][700/1116]	lr: 9.962e-02, eta: 1:02:08, time: 0.207, data_time: 0.001, memory: 1172, top1_acc: 0.0619, top5_acc: 0.2412, loss_cls: 3.5849, loss: 3.5849
2026-09-13 01:46:26,633 - pyskl - INFO - Epoch [1][800/1116]	lr: 9.951e-02, eta: 1:01:26, time: 0.208, data_time: 0.001, memory: 1172, top1_acc: 0.0581, top5_acc: 0.2519, loss_cls: 3.5462, loss: 3.5462
2026-09-13 01:46:47,812 - pyskl - INFO - Epoch [1][900/1116]	lr: 9.938e-02, eta: 1:00:56, time: 0.212, data_time: 0.000, memory: 1172, top1_acc: 0.0725, top5_acc: 0.2919, loss_cls: 3.5058, loss: 3.5058
2026-09-13 01:47:09,044 - pyskl - INFO - Epoch [1][1000/1116]	lr: 9.923e-02, eta: 1:00:29, time: 0.212, data_time: 0.001, memory: 1172, top1_acc: 0.0800, top5_acc: 0.3256, loss_cls: 3.4336, loss: 3.4336
2026-09-13 01:47:30,159 - pyskl - INFO - Epoch [1][1100/1116]	lr: 9.907e-02, eta: 1:00:01, time: 0.211, data_time: 0.001, memory: 1172, top1_acc: 0.1131, top5_acc: 0.3613, loss_cls: 3.3607, loss: 3.3607
2026-09-13 01:47:33,975 - pyskl - INFO - Saving checkpoint at 1 epochs
2026-09-13 01:47:50,233 - pyskl - INFO - Evaluating top_k_accuracy ...
2026-09-13 01:47:50,237 - pyskl - INFO - 
top1_acc	0.1209
top5_acc	0.3941
2026-09-13 01:47:50,342 - pyskl - INFO - Now best checkpoint is saved as best_top1_acc_epoch_1.pth.
2026-09-13 01:47:50,343 - pyskl - INFO - Best top1_acc is 0.1209 at 1 epoch.
2026-09-13 01:47:50,344 - pyskl - INFO - Epoch(val) [1][96]	top1_acc: 0.1209, top5_acc: 0.3941
2026-09-13 01:48:22,323 - pyskl - INFO - Epoch [2][100/1116]	lr: 9.886e-02, eta: 1:01:13, time: 0.320, data_time: 0.101, memory: 1172, top1_acc: 0.1125, top5_acc: 0.4019, loss_cls: 3.2977, loss: 3.2977
2026-09-13 01:48:44,713 - pyskl - INFO - Epoch [2][200/1116]	lr: 9.867e-02, eta: 1:00:54, time: 0.224, data_time: 0.001, memory: 1172, top1_acc: 0.1331, top5_acc: 0.4044, loss_cls: 3.2389, loss: 3.2389
2026-09-13 01:49:05,441 - pyskl - INFO - Epoch [2][300/1116]	lr: 9.846e-02, eta: 1:00:16, time: 0.207, data_time: 0.001, memory: 1172, top1_acc: 0.1462, top5_acc: 0.4394, loss_cls: 3.2032, loss: 3.2032
2026-09-13 01:49:25,889 - pyskl - INFO - Epoch [2][400/1116]	lr: 9.823e-02, eta: 0:59:38, time: 0.204, data_time: 0.001, memory: 1172, top1_acc: 0.1644, top5_acc: 0.4200, loss_cls: 3.1381, loss: 3.1381
2026-09-13 01:49:46,880 - pyskl - INFO - Epoch [2][500/1116]	lr: 9.800e-02, eta: 0:59:07, time: 0.210, data_time: 0.001, memory: 1172, top1_acc: 0.1675, top5_acc: 0.4769, loss_cls: 3.0625, loss: 3.0625
2026-09-13 01:50:08,346 - pyskl - INFO - Epoch [2][600/1116]	lr: 9.774e-02, eta: 0:58:41, time: 0.215, data_time: 0.001, memory: 1172, top1_acc: 0.1550, top5_acc: 0.4794, loss_cls: 3.0410, loss: 3.0410
2026-09-13 01:50:29,529 - pyskl - INFO - Epoch [2][700/1116]	lr: 9.747e-02, eta: 0:58:14, time: 0.212, data_time: 0.001, memory: 1172, top1_acc: 0.1737, top5_acc: 0.5050, loss_cls: 3.0300, loss: 3.0300
2026-09-13 01:50:50,531 - pyskl - INFO - Epoch [2][800/1116]	lr: 9.719e-02, eta: 0:57:46, time: 0.210, data_time: 0.001, memory: 1172, top1_acc: 0.1631, top5_acc: 0.4931, loss_cls: 3.0210, loss: 3.0210
2026-09-13 01:51:11,643 - pyskl - INFO - Epoch [2][900/1116]	lr: 9.689e-02, eta: 0:57:19, time: 0.211, data_time: 0.001, memory: 1172, top1_acc: 0.2181, top5_acc: 0.5375, loss_cls: 2.8947, loss: 2.8947
2026-09-13 01:51:32,689 - pyskl - INFO - Epoch [2][1000/1116]	lr: 9.658e-02, eta: 0:56:52, time: 0.210, data_time: 0.001, memory: 1172, top1_acc: 0.1975, top5_acc: 0.5275, loss_cls: 2.8935, loss: 2.8935
2026-09-13 01:51:53,903 - pyskl - INFO - Epoch [2][1100/1116]	lr: 9.625e-02, eta: 0:56:27, time: 0.212, data_time: 0.001, memory: 1172, top1_acc: 0.2200, top5_acc: 0.5631, loss_cls: 2.8295, loss: 2.8295
2026-09-13 01:51:58,004 - pyskl - INFO - Saving checkpoint at 2 epochs
2026-09-13 01:52:13,059 - pyskl - INFO - Evaluating top_k_accuracy ...
2026-09-13 01:52:13,070 - pyskl - INFO - 
top1_acc	0.1948
top5_acc	0.5203
2026-09-13 01:52:13,092 - pyskl - INFO - The previous best checkpoint /content/drive/MyDrive/wes237b_project/work_dirs/baseline_stgcn_hmdb51/best_top1_acc_epoch_1.pth was removed
2026-09-13 01:52:13,256 - pyskl - INFO - Now best checkpoint is saved as best_top1_acc_epoch_2.pth.
2026-09-13 01:52:13,256 - pyskl - INFO - Best top1_acc is 0.1948 at 2 epoch.
2026-09-13 01:52:13,257 - pyskl - INFO - Epoch(val) [2][96]	top1_acc: 0.1948, top5_acc: 0.5203
2026-09-13 01:52:43,643 - pyskl - INFO - Epoch [3][100/1116]	lr: 9.585e-02, eta: 0:56:37, time: 0.304, data_time: 0.082, memory: 1172, top1_acc: 0.2100, top5_acc: 0.5500, loss_cls: 2.8473, loss: 2.8473
2026-09-13 01:53:05,945 - pyskl - INFO - Epoch [3][200/1116]	lr: 9.550e-02, eta: 0:56:18, time: 0.223, data_time: 0.001, memory: 1172, top1_acc: 0.2144, top5_acc: 0.5531, loss_cls: 2.8099, loss: 2.8099
2026-09-13 01:53:26,641 - pyskl - INFO - Epoch [3][300/1116]	lr: 9.512e-02, eta: 0:55:49, time: 0.207, data_time: 0.000, memory: 1172, top1_acc: 0.2313, top5_acc: 0.5806, loss_cls: 2.7654, loss: 2.7654
2026-09-13 01:53:47,224 - pyskl - INFO - Epoch [3][400/1116]	lr: 9.474e-02, eta: 0:55:19, time: 0.206, data_time: 0.001, memory: 1172, top1_acc: 0.2000, top5_acc: 0.5650, loss_cls: 2.8056, loss: 2.8056
2026-09-13 01:54:08,354 - pyskl - INFO - Epoch [3][500/1116]	lr: 9.434e-02, eta: 0:54:54, time: 0.211, data_time: 0.001, memory: 1172, top1_acc: 0.2256, top5_acc: 0.5756, loss_cls: 2.7709, loss: 2.7709
2026-09-13 01:54:29,821 - pyskl - INFO - Epoch [3][600/1116]	lr: 9.392e-02, eta: 0:54:30, time: 0.215, data_time: 0.001, memory: 1172, top1_acc: 0.2450, top5_acc: 0.5950, loss_cls: 2.6968, loss: 2.6968
2026-09-13 01:54:51,180 - pyskl - INFO - Epoch [3][700/1116]	lr: 9.350e-02, eta: 0:54:06, time: 0.214, data_time: 0.001, memory: 1172, top1_acc: 0.2606, top5_acc: 0.6100, loss_cls: 2.6380, loss: 2.6380
2026-09-13 01:55:12,283 - pyskl - INFO - Epoch [3][800/1116]	lr: 9.306e-02, eta: 0:53:41, time: 0.211, data_time: 0.001, memory: 1172, top1_acc: 0.2525, top5_acc: 0.6088, loss_cls: 2.6537, loss: 2.6537
2026-09-13 01:55:33,298 - pyskl - INFO - Epoch [3][900/1116]	lr: 9.260e-02, eta: 0:53:16, time: 0.210, data_time: 0.001, memory: 1172, top1_acc: 0.2594, top5_acc: 0.6106, loss_cls: 2.6273, loss: 2.6273
2026-09-13 01:55:54,430 - pyskl - INFO - Epoch [3][1000/1116]	lr: 9.214e-02, eta: 0:52:52, time: 0.211, data_time: 0.001, memory: 1172, top1_acc: 0.2481, top5_acc: 0.6344, loss_cls: 2.6323, loss: 2.6323
2026-09-13 01:56:15,556 - pyskl - INFO - Epoch [3][1100/1116]	lr: 9.166e-02, eta: 0:52:28, time: 0.211, data_time: 0.001, memory: 1172, top1_acc: 0.2938, top5_acc: 0.6556, loss_cls: 2.5155, loss: 2.5155
2026-09-13 01:56:19,339 - pyskl - INFO - Saving checkpoint at 3 epochs
2026-09-13 01:56:35,001 - pyskl - INFO - Evaluating top_k_accuracy ...
2026-09-13 01:56:35,005 - pyskl - INFO - 
top1_acc	0.2431
top5_acc	0.5680
2026-09-13 01:56:35,012 - pyskl - INFO - The previous best checkpoint /content/drive/MyDrive/wes237b_project/work_dirs/baseline_stgcn_hmdb51/best_top1_acc_epoch_2.pth was removed
2026-09-13 01:56:35,123 - pyskl - INFO - Now best checkpoint is saved as best_top1_acc_epoch_3.pth.
2026-09-13 01:56:35,124 - pyskl - INFO - Best top1_acc is 0.2431 at 3 epoch.
2026-09-13 01:56:35,125 - pyskl - INFO - Epoch(val) [3][96]	top1_acc: 0.2431, top5_acc: 0.5680
2026-09-13 01:57:07,591 - pyskl - INFO - Epoch [4][100/1116]	lr: 9.108e-02, eta: 0:52:33, time: 0.324, data_time: 0.105, memory: 1172, top1_acc: 0.2712, top5_acc: 0.6438, loss_cls: 2.5657, loss: 2.5657
2026-09-13 01:57:29,975 - pyskl - INFO - Epoch [4][200/1116]	lr: 9.058e-02, eta: 0:52:13, time: 0.224, data_time: 0.001, memory: 1172, top1_acc: 0.2838, top5_acc: 0.6488, loss_cls: 2.5621, loss: 2.5621
2026-09-13 01:57:50,799 - pyskl - INFO - Epoch [4][300/1116]	lr: 9.006e-02, eta: 0:51:47, time: 0.208, data_time: 0.001, memory: 1172, top1_acc: 0.2906, top5_acc: 0.6331, loss_cls: 2.5384, loss: 2.5384
2026-09-13 01:58:11,305 - pyskl - INFO - Epoch [4][400/1116]	lr: 8.952e-02, eta: 0:51:20, time: 0.205, data_time: 0.000, memory: 1172, top1_acc: 0.3019, top5_acc: 0.6631, loss_cls: 2.4615, loss: 2.4615
2026-09-13 01:58:32,353 - pyskl - INFO - Epoch [4][500/1116]	lr: 8.898e-02, eta: 0:50:55, time: 0.210, data_time: 0.001, memory: 1172, top1_acc: 0.2781, top5_acc: 0.6606, loss_cls: 2.4773, loss: 2.4773
2026-09-13 01:58:53,966 - pyskl - INFO - Epoch [4][600/1116]	lr: 8.842e-02, eta: 0:50:33, time: 0.216, data_time: 0.001, memory: 1172, top1_acc: 0.3262, top5_acc: 0.6787, loss_cls: 2.4119, loss: 2.4119
2026-09-13 01:59:15,158 - pyskl - INFO - Epoch [4][700/1116]	lr: 8.785e-02, eta: 0:50:09, time: 0.212, data_time: 0.001, memory: 1172, top1_acc: 0.2975, top5_acc: 0.6637, loss_cls: 2.4920, loss: 2.4920
2026-09-13 01:59:36,200 - pyskl - INFO - Epoch [4][800/1116]	lr: 8.727e-02, eta: 0:49:45, time: 0.210, data_time: 0.001, memory: 1172, top1_acc: 0.3019, top5_acc: 0.6637, loss_cls: 2.4717, loss: 2.4717
2026-09-13 01:59:57,375 - pyskl - INFO - Epoch [4][900/1116]	lr: 8.668e-02, eta: 0:49:21, time: 0.212, data_time: 0.001, memory: 1172, top1_acc: 0.3375, top5_acc: 0.6894, loss_cls: 2.3559, loss: 2.3559
2026-09-13 02:00:18,484 - pyskl - INFO - Epoch [4][1000/1116]	lr: 8.608e-02, eta: 0:48:57, time: 0.211, data_time: 0.001, memory: 1172, top1_acc: 0.3319, top5_acc: 0.6869, loss_cls: 2.3559, loss: 2.3559
2026-09-13 02:00:39,715 - pyskl - INFO - Epoch [4][1100/1116]	lr: 8.546e-02, eta: 0:48:34, time: 0.212, data_time: 0.001, memory: 1172, top1_acc: 0.3125, top5_acc: 0.6719, loss_cls: 2.4241, loss: 2.4241
2026-09-13 02:00:44,001 - pyskl - INFO - Saving checkpoint at 4 epochs
2026-09-13 02:00:59,116 - pyskl - INFO - Evaluating top_k_accuracy ...
2026-09-13 02:00:59,120 - pyskl - INFO - 
top1_acc	0.2608
top5_acc	0.6098
2026-09-13 02:00:59,126 - pyskl - INFO - The previous best checkpoint /content/drive/MyDrive/wes237b_project/work_dirs/baseline_stgcn_hmdb51/best_top1_acc_epoch_3.pth was removed
2026-09-13 02:00:59,277 - pyskl - INFO - Now best checkpoint is saved as best_top1_acc_epoch_4.pth.
2026-09-13 02:00:59,277 - pyskl - INFO - Best top1_acc is 0.2608 at 4 epoch.
2026-09-13 02:00:59,278 - pyskl - INFO - Epoch(val) [4][96]	top1_acc: 0.2608, top5_acc: 0.6098
2026-09-13 02:01:29,626 - pyskl - INFO - Epoch [5][100/1116]	lr: 8.473e-02, eta: 0:48:24, time: 0.303, data_time: 0.082, memory: 1172, top1_acc: 0.3056, top5_acc: 0.6800, loss_cls: 2.4362, loss: 2.4362
2026-09-13 02:01:51,996 - pyskl - INFO - Epoch [5][200/1116]	lr: 8.410e-02, eta: 0:48:03, time: 0.224, data_time: 0.001, memory: 1172, top1_acc: 0.3319, top5_acc: 0.7206, loss_cls: 2.2655, loss: 2.2655
2026-09-13 02:02:12,647 - pyskl - INFO - Epoch [5][300/1116]	lr: 8.345e-02, eta: 0:47:38, time: 0.207, data_time: 0.001, memory: 1172, top1_acc: 0.3463, top5_acc: 0.6994, loss_cls: 2.2935, loss: 2.2935
2026-09-13 02:02:33,274 - pyskl - INFO - Epoch [5][400/1116]	lr: 8.279e-02, eta: 0:47:13, time: 0.206, data_time: 0.001, memory: 1172, top1_acc: 0.3400, top5_acc: 0.7056, loss_cls: 2.3244, loss: 2.3244
2026-09-13 02:02:54,494 - pyskl - INFO - Epoch [5][500/1116]	lr: 8.212e-02, eta: 0:46:50, time: 0.212, data_time: 0.001, memory: 1172, top1_acc: 0.3425, top5_acc: 0.6969, loss_cls: 2.3619, loss: 2.3619
2026-09-13 02:03:15,959 - pyskl - INFO - Epoch [5][600/1116]	lr: 8.144e-02, eta: 0:46:27, time: 0.215, data_time: 0.001, memory: 1172, top1_acc: 0.3325, top5_acc: 0.7037, loss_cls: 2.3395, loss: 2.3395
2026-09-13 02:03:37,295 - pyskl - INFO - Epoch [5][700/1116]	lr: 8.075e-02, eta: 0:46:04, time: 0.213, data_time: 0.000, memory: 1172, top1_acc: 0.3681, top5_acc: 0.7194, loss_cls: 2.2254, loss: 2.2254
2026-09-13 02:03:58,344 - pyskl - INFO - Epoch [5][800/1116]	lr: 8.005e-02, eta: 0:45:41, time: 0.210, data_time: 0.001, memory: 1172, top1_acc: 0.3600, top5_acc: 0.7300, loss_cls: 2.2896, loss: 2.2896
2026-09-13 02:04:19,295 - pyskl - INFO - Epoch [5][900/1116]	lr: 7.935e-02, eta: 0:45:17, time: 0.210, data_time: 0.001, memory: 1172, top1_acc: 0.3550, top5_acc: 0.7225, loss_cls: 2.2503, loss: 2.2503
2026-09-13 02:04:40,402 - pyskl - INFO - Epoch [5][1000/1116]	lr: 7.863e-02, eta: 0:44:54, time: 0.211, data_time: 0.000, memory: 1172, top1_acc: 0.3975, top5_acc: 0.7500, loss_cls: 2.1556, loss: 2.1556
2026-09-13 02:05:01,664 - pyskl - INFO - Epoch [5][1100/1116]	lr: 7.790e-02, eta: 0:44:31, time: 0.213, data_time: 0.001, memory: 1172, top1_acc: 0.3569, top5_acc: 0.7275, loss_cls: 2.2104, loss: 2.2104
2026-09-13 02:05:05,517 - pyskl - INFO - Saving checkpoint at 5 epochs
2026-09-13 02:05:21,107 - pyskl - INFO - Evaluating top_k_accuracy ...
2026-09-13 02:05:21,111 - pyskl - INFO - 
top1_acc	0.2863
top5_acc	0.6458
2026-09-13 02:05:21,120 - pyskl - INFO - The previous best checkpoint /content/drive/MyDrive/wes237b_project/work_dirs/baseline_stgcn_hmdb51/best_top1_acc_epoch_4.pth was removed
2026-09-13 02:05:21,224 - pyskl - INFO - Now best checkpoint is saved as best_top1_acc_epoch_5.pth.
2026-09-13 02:05:21,224 - pyskl - INFO - Best top1_acc is 0.2863 at 5 epoch.
2026-09-13 02:05:21,226 - pyskl - INFO - Epoch(val) [5][96]	top1_acc: 0.2863, top5_acc: 0.6458
2026-09-13 02:05:53,333 - pyskl - INFO - Epoch [6][100/1116]	lr: 7.705e-02, eta: 0:44:20, time: 0.321, data_time: 0.101, memory: 1172, top1_acc: 0.3713, top5_acc: 0.7294, loss_cls: 2.1978, loss: 2.1978
2026-09-13 02:06:15,650 - pyskl - INFO - Epoch [6][200/1116]	lr: 7.631e-02, eta: 0:44:00, time: 0.223, data_time: 0.001, memory: 1172, top1_acc: 0.3894, top5_acc: 0.7425, loss_cls: 2.1174, loss: 2.1174
2026-09-13 02:06:36,443 - pyskl - INFO - Epoch [6][300/1116]	lr: 7.555e-02, eta: 0:43:36, time: 0.208, data_time: 0.001, memory: 1172, top1_acc: 0.3531, top5_acc: 0.7300, loss_cls: 2.2277, loss: 2.2277
2026-09-13 02:06:56,916 - pyskl - INFO - Epoch [6][400/1116]	lr: 7.479e-02, eta: 0:43:11, time: 0.205, data_time: 0.001, memory: 1172, top1_acc: 0.3875, top5_acc: 0.7481, loss_cls: 2.0901, loss: 2.0901
2026-09-13 02:07:17,936 - pyskl - INFO - Epoch [6][500/1116]	lr: 7.403e-02, eta: 0:42:48, time: 0.210, data_time: 0.001, memory: 1172, top1_acc: 0.3969, top5_acc: 0.7494, loss_cls: 2.1520, loss: 2.1520
2026-09-13 02:07:39,422 - pyskl - INFO - Epoch [6][600/1116]	lr: 7.325e-02, eta: 0:42:25, time: 0.215, data_time: 0.001, memory: 1172, top1_acc: 0.3862, top5_acc: 0.7325, loss_cls: 2.1500, loss: 2.1500
2026-09-13 02:08:00,648 - pyskl - INFO - Epoch [6][700/1116]	lr: 7.247e-02, eta: 0:42:02, time: 0.212, data_time: 0.000, memory: 1172, top1_acc: 0.4088, top5_acc: 0.7481, loss_cls: 2.1262, loss: 2.1262
2026-09-13 02:08:21,593 - pyskl - INFO - Epoch [6][800/1116]	lr: 7.168e-02, eta: 0:41:39, time: 0.209, data_time: 0.000, memory: 1172, top1_acc: 0.3675, top5_acc: 0.7256, loss_cls: 2.2119, loss: 2.2119
2026-09-13 02:08:42,721 - pyskl - INFO - Epoch [6][900/1116]	lr: 7.088e-02, eta: 0:41:16, time: 0.211, data_time: 0.001, memory: 1172, top1_acc: 0.3750, top5_acc: 0.7362, loss_cls: 2.1805, loss: 2.1805
2026-09-13 02:09:03,867 - pyskl - INFO - Epoch [6][1000/1116]	lr: 7.008e-02, eta: 0:40:53, time: 0.211, data_time: 0.001, memory: 1172, top1_acc: 0.3912, top5_acc: 0.7662, loss_cls: 2.1237, loss: 2.1237
2026-09-13 02:09:25,090 - pyskl - INFO - Epoch [6][1100/1116]	lr: 6.927e-02, eta: 0:40:31, time: 0.212, data_time: 0.000, memory: 1172, top1_acc: 0.3925, top5_acc: 0.7375, loss_cls: 2.1385, loss: 2.1385
2026-09-13 02:09:29,345 - pyskl - INFO - Saving checkpoint at 6 epochs
2026-09-13 02:09:44,388 - pyskl - INFO - Evaluating top_k_accuracy ...
2026-09-13 02:09:44,393 - pyskl - INFO - 
top1_acc	0.3124
top5_acc	0.6359
2026-09-13 02:09:44,403 - pyskl - INFO - The previous best checkpoint /content/drive/MyDrive/wes237b_project/work_dirs/baseline_stgcn_hmdb51/best_top1_acc_epoch_5.pth was removed
2026-09-13 02:09:44,530 - pyskl - INFO - Now best checkpoint is saved as best_top1_acc_epoch_6.pth.
2026-09-13 02:09:44,531 - pyskl - INFO - Best top1_acc is 0.3124 at 6 epoch.
2026-09-13 02:09:44,532 - pyskl - INFO - Epoch(val) [6][96]	top1_acc: 0.3124, top5_acc: 0.6359
2026-09-13 02:10:14,810 - pyskl - INFO - Epoch [7][100/1116]	lr: 6.833e-02, eta: 0:40:14, time: 0.303, data_time: 0.082, memory: 1172, top1_acc: 0.4012, top5_acc: 0.7388, loss_cls: 2.1141, loss: 2.1141
2026-09-13 02:10:37,143 - pyskl - INFO - Epoch [7][200/1116]	lr: 6.751e-02, eta: 0:39:52, time: 0.223, data_time: 0.001, memory: 1172, top1_acc: 0.4213, top5_acc: 0.7506, loss_cls: 2.1011, loss: 2.1011
2026-09-13 02:10:57,776 - pyskl - INFO - Epoch [7][300/1116]	lr: 6.668e-02, eta: 0:39:29, time: 0.206, data_time: 0.001, memory: 1172, top1_acc: 0.4050, top5_acc: 0.7581, loss_cls: 2.1024, loss: 2.1024
2026-09-13 02:11:18,394 - pyskl - INFO - Epoch [7][400/1116]	lr: 6.585e-02, eta: 0:39:05, time: 0.206, data_time: 0.001, memory: 1172, top1_acc: 0.4075, top5_acc: 0.7619, loss_cls: 2.0306, loss: 2.0306
2026-09-13 02:11:39,506 - pyskl - INFO - Epoch [7][500/1116]	lr: 6.501e-02, eta: 0:38:42, time: 0.211, data_time: 0.001, memory: 1172, top1_acc: 0.4300, top5_acc: 0.7706, loss_cls: 2.0119, loss: 2.0119
2026-09-13 02:12:00,890 - pyskl - INFO - Epoch [7][600/1116]	lr: 6.417e-02, eta: 0:38:20, time: 0.214, data_time: 0.000, memory: 1172, top1_acc: 0.4150, top5_acc: 0.7806, loss_cls: 1.9979, loss: 1.9979
2026-09-13 02:12:22,180 - pyskl - INFO - Epoch [7][700/1116]	lr: 6.332e-02, eta: 0:37:57, time: 0.213, data_time: 0.001, memory: 1172, top1_acc: 0.4363, top5_acc: 0.7775, loss_cls: 1.9966, loss: 1.9966
2026-09-13 02:12:43,180 - pyskl - INFO - Epoch [7][800/1116]	lr: 6.247e-02, eta: 0:37:35, time: 0.210, data_time: 0.001, memory: 1172, top1_acc: 0.4069, top5_acc: 0.7562, loss_cls: 2.0499, loss: 2.0499
2026-09-13 02:13:04,166 - pyskl - INFO - Epoch [7][900/1116]	lr: 6.162e-02, eta: 0:37:12, time: 0.210, data_time: 0.001, memory: 1172, top1_acc: 0.4331, top5_acc: 0.7656, loss_cls: 2.0097, loss: 2.0097
2026-09-13 02:13:25,390 - pyskl - INFO - Epoch [7][1000/1116]	lr: 6.076e-02, eta: 0:36:49, time: 0.212, data_time: 0.001, memory: 1172, top1_acc: 0.4288, top5_acc: 0.7725, loss_cls: 1.9926, loss: 1.9926
2026-09-13 02:13:46,646 - pyskl - INFO - Epoch [7][1100/1116]	lr: 5.990e-02, eta: 0:36:27, time: 0.213, data_time: 0.001, memory: 1172, top1_acc: 0.4300, top5_acc: 0.7731, loss_cls: 1.9856, loss: 1.9856
2026-09-13 02:13:50,486 - pyskl - INFO - Saving checkpoint at 7 epochs
2026-09-13 02:14:06,708 - pyskl - INFO - Evaluating top_k_accuracy ...
2026-09-13 02:14:06,712 - pyskl - INFO - 
top1_acc	0.3046
top5_acc	0.6399
2026-09-13 02:14:06,713 - pyskl - INFO - Epoch(val) [7][96]	top1_acc: 0.3046, top5_acc: 0.6399
2026-09-13 02:14:38,692 - pyskl - INFO - Epoch [8][100/1116]	lr: 5.890e-02, eta: 0:36:10, time: 0.320, data_time: 0.099, memory: 1172, top1_acc: 0.4363, top5_acc: 0.7887, loss_cls: 1.9013, loss: 1.9013
2026-09-13 02:15:01,023 - pyskl - INFO - Epoch [8][200/1116]	lr: 5.803e-02, eta: 0:35:49, time: 0.223, data_time: 0.001, memory: 1172, top1_acc: 0.4525, top5_acc: 0.7756, loss_cls: 1.9366, loss: 1.9366
2026-09-13 02:15:21,649 - pyskl - INFO - Epoch [8][300/1116]	lr: 5.716e-02, eta: 0:35:26, time: 0.206, data_time: 0.001, memory: 1172, top1_acc: 0.4506, top5_acc: 0.7800, loss_cls: 1.9622, loss: 1.9622
2026-09-13 02:15:42,175 - pyskl - INFO - Epoch [8][400/1116]	lr: 5.629e-02, eta: 0:35:02, time: 0.205, data_time: 0.001, memory: 1172, top1_acc: 0.4481, top5_acc: 0.7819, loss_cls: 1.9205, loss: 1.9205
2026-09-13 02:16:03,357 - pyskl - INFO - Epoch [8][500/1116]	lr: 5.542e-02, eta: 0:34:40, time: 0.212, data_time: 0.001, memory: 1172, top1_acc: 0.4450, top5_acc: 0.7994, loss_cls: 1.8800, loss: 1.8800
2026-09-13 02:16:24,930 - pyskl - INFO - Epoch [8][600/1116]	lr: 5.454e-02, eta: 0:34:18, time: 0.216, data_time: 0.001, memory: 1172, top1_acc: 0.4369, top5_acc: 0.7837, loss_cls: 1.9657, loss: 1.9657
2026-09-13 02:16:46,202 - pyskl - INFO - Epoch [8][700/1116]	lr: 5.367e-02, eta: 0:33:55, time: 0.213, data_time: 0.001, memory: 1172, top1_acc: 0.4344, top5_acc: 0.7887, loss_cls: 1.9519, loss: 1.9519
2026-09-13 02:17:07,183 - pyskl - INFO - Epoch [8][800/1116]	lr: 5.279e-02, eta: 0:33:33, time: 0.210, data_time: 0.001, memory: 1172, top1_acc: 0.4587, top5_acc: 0.7875, loss_cls: 1.8835, loss: 1.8835
2026-09-13 02:17:28,261 - pyskl - INFO - Epoch [8][900/1116]	lr: 5.191e-02, eta: 0:33:10, time: 0.211, data_time: 0.001, memory: 1172, top1_acc: 0.4706, top5_acc: 0.7856, loss_cls: 1.8696, loss: 1.8696
2026-09-13 02:17:49,415 - pyskl - INFO - Epoch [8][1000/1116]	lr: 5.103e-02, eta: 0:32:48, time: 0.212, data_time: 0.001, memory: 1172, top1_acc: 0.4569, top5_acc: 0.7925, loss_cls: 1.8808, loss: 1.8808
2026-09-13 02:18:10,652 - pyskl - INFO - Epoch [8][1100/1116]	lr: 5.015e-02, eta: 0:32:26, time: 0.212, data_time: 0.001, memory: 1172, top1_acc: 0.4575, top5_acc: 0.8031, loss_cls: 1.8421, loss: 1.8421
2026-09-13 02:18:14,805 - pyskl - INFO - Saving checkpoint at 8 epochs
2026-09-13 02:18:29,778 - pyskl - INFO - Evaluating top_k_accuracy ...
2026-09-13 02:18:29,784 - pyskl - INFO - 
top1_acc	0.3346
top5_acc	0.6895
2026-09-13 02:18:29,794 - pyskl - INFO - The previous best checkpoint /content/drive/MyDrive/wes237b_project/work_dirs/baseline_stgcn_hmdb51/best_top1_acc_epoch_6.pth was removed
2026-09-13 02:18:29,922 - pyskl - INFO - Now best checkpoint is saved as best_top1_acc_epoch_8.pth.
2026-09-13 02:18:29,923 - pyskl - INFO - Best top1_acc is 0.3346 at 8 epoch.
2026-09-13 02:18:29,923 - pyskl - INFO - Epoch(val) [8][96]	top1_acc: 0.3346, top5_acc: 0.6895
2026-09-13 02:19:00,254 - pyskl - INFO - Epoch [9][100/1116]	lr: 4.913e-02, eta: 0:32:05, time: 0.303, data_time: 0.082, memory: 1172, top1_acc: 0.4825, top5_acc: 0.8000, loss_cls: 1.8206, loss: 1.8206
2026-09-13 02:19:22,608 - pyskl - INFO - Epoch [9][200/1116]	lr: 4.825e-02, eta: 0:31:44, time: 0.224, data_time: 0.001, memory: 1172, top1_acc: 0.4794, top5_acc: 0.8213, loss_cls: 1.7840, loss: 1.7840
2026-09-13 02:19:43,338 - pyskl - INFO - Epoch [9][300/1116]	lr: 4.737e-02, eta: 0:31:21, time: 0.207, data_time: 0.001, memory: 1172, top1_acc: 0.4806, top5_acc: 0.8031, loss_cls: 1.8203, loss: 1.8203
2026-09-13 02:20:03,936 - pyskl - INFO - Epoch [9][400/1116]	lr: 4.649e-02, eta: 0:30:58, time: 0.206, data_time: 0.001, memory: 1172, top1_acc: 0.4738, top5_acc: 0.8294, loss_cls: 1.7822, loss: 1.7822
2026-09-13 02:20:25,112 - pyskl - INFO - Epoch [9][500/1116]	lr: 4.562e-02, eta: 0:30:36, time: 0.212, data_time: 0.001, memory: 1172, top1_acc: 0.4806, top5_acc: 0.8169, loss_cls: 1.8054, loss: 1.8054
2026-09-13 02:20:46,517 - pyskl - INFO - Epoch [9][600/1116]	lr: 4.474e-02, eta: 0:30:14, time: 0.214, data_time: 0.001, memory: 1172, top1_acc: 0.4831, top5_acc: 0.8081, loss_cls: 1.7983, loss: 1.7983
2026-09-13 02:21:07,780 - pyskl - INFO - Epoch [9][700/1116]	lr: 4.387e-02, eta: 0:29:52, time: 0.213, data_time: 0.001, memory: 1172, top1_acc: 0.5006, top5_acc: 0.8175, loss_cls: 1.7299, loss: 1.7299
2026-09-13 02:21:28,835 - pyskl - INFO - Epoch [9][800/1116]	lr: 4.299e-02, eta: 0:29:29, time: 0.211, data_time: 0.001, memory: 1172, top1_acc: 0.4819, top5_acc: 0.8263, loss_cls: 1.7839, loss: 1.7839
2026-09-13 02:21:49,789 - pyskl - INFO - Epoch [9][900/1116]	lr: 4.212e-02, eta: 0:29:07, time: 0.210, data_time: 0.000, memory: 1172, top1_acc: 0.4681, top5_acc: 0.8025, loss_cls: 1.8224, loss: 1.8224
2026-09-13 02:22:10,961 - pyskl - INFO - Epoch [9][1000/1116]	lr: 4.126e-02, eta: 0:28:44, time: 0.212, data_time: 0.001, memory: 1172, top1_acc: 0.4988, top5_acc: 0.8231, loss_cls: 1.7392, loss: 1.7392
2026-09-13 02:22:32,338 - pyskl - INFO - Epoch [9][1100/1116]	lr: 4.039e-02, eta: 0:28:22, time: 0.214, data_time: 0.001, memory: 1172, top1_acc: 0.5169, top5_acc: 0.8350, loss_cls: 1.6601, loss: 1.6601
2026-09-13 02:22:36,194 - pyskl - INFO - Saving checkpoint at 9 epochs
2026-09-13 02:22:51,932 - pyskl - INFO - Evaluating top_k_accuracy ...
2026-09-13 02:22:51,936 - pyskl - INFO - 
top1_acc	0.3301
top5_acc	0.6987
2026-09-13 02:22:51,937 - pyskl - INFO - Epoch(val) [9][96]	top1_acc: 0.3301, top5_acc: 0.6987
2026-09-13 02:23:23,569 - pyskl - INFO - Epoch [10][100/1116]	lr: 3.939e-02, eta: 0:28:02, time: 0.316, data_time: 0.097, memory: 1172, top1_acc: 0.5106, top5_acc: 0.8462, loss_cls: 1.6504, loss: 1.6504
2026-09-13 02:23:45,938 - pyskl - INFO - Epoch [10][200/1116]	lr: 3.853e-02, eta: 0:27:41, time: 0.224, data_time: 0.001, memory: 1172, top1_acc: 0.5125, top5_acc: 0.8381, loss_cls: 1.6697, loss: 1.6697
2026-09-13 02:24:06,703 - pyskl - INFO - Epoch [10][300/1116]	lr: 3.768e-02, eta: 0:27:18, time: 0.208, data_time: 0.001, memory: 1172, top1_acc: 0.5112, top5_acc: 0.8369, loss_cls: 1.6756, loss: 1.6756
2026-09-13 02:24:27,207 - pyskl - INFO - Epoch [10][400/1116]	lr: 3.683e-02, eta: 0:26:55, time: 0.205, data_time: 0.001, memory: 1172, top1_acc: 0.5050, top5_acc: 0.8413, loss_cls: 1.6678, loss: 1.6678
2026-09-13 02:24:48,359 - pyskl - INFO - Epoch [10][500/1116]	lr: 3.598e-02, eta: 0:26:33, time: 0.212, data_time: 0.000, memory: 1172, top1_acc: 0.5125, top5_acc: 0.8387, loss_cls: 1.6418, loss: 1.6418
2026-09-13 02:25:09,966 - pyskl - INFO - Epoch [10][600/1116]	lr: 3.514e-02, eta: 0:26:11, time: 0.216, data_time: 0.001, memory: 1172, top1_acc: 0.5275, top5_acc: 0.8531, loss_cls: 1.5994, loss: 1.5994
2026-09-13 02:25:31,218 - pyskl - INFO - Epoch [10][700/1116]	lr: 3.430e-02, eta: 0:25:49, time: 0.213, data_time: 0.000, memory: 1172, top1_acc: 0.5131, top5_acc: 0.8488, loss_cls: 1.6086, loss: 1.6086
2026-09-13 02:25:52,092 - pyskl - INFO - Epoch [10][800/1116]	lr: 3.347e-02, eta: 0:25:27, time: 0.209, data_time: 0.001, memory: 1172, top1_acc: 0.5537, top5_acc: 0.8688, loss_cls: 1.5405, loss: 1.5405
2026-09-13 02:26:13,149 - pyskl - INFO - Epoch [10][900/1116]	lr: 3.264e-02, eta: 0:25:04, time: 0.211, data_time: 0.000, memory: 1172, top1_acc: 0.5425, top5_acc: 0.8731, loss_cls: 1.5482, loss: 1.5482
2026-09-13 02:26:34,352 - pyskl - INFO - Epoch [10][1000/1116]	lr: 3.182e-02, eta: 0:24:42, time: 0.212, data_time: 0.001, memory: 1172, top1_acc: 0.5400, top5_acc: 0.8625, loss_cls: 1.5488, loss: 1.5488
2026-09-13 02:26:55,578 - pyskl - INFO - Epoch [10][1100/1116]	lr: 3.100e-02, eta: 0:24:20, time: 0.212, data_time: 0.001, memory: 1172, top1_acc: 0.5531, top5_acc: 0.8556, loss_cls: 1.5749, loss: 1.5749
2026-09-13 02:26:59,777 - pyskl - INFO - Saving checkpoint at 10 epochs
2026-09-13 02:27:14,495 - pyskl - INFO - Evaluating top_k_accuracy ...
2026-09-13 02:27:14,500 - pyskl - INFO - 
top1_acc	0.3922
top5_acc	0.7111
2026-09-13 02:27:14,520 - pyskl - INFO - The previous best checkpoint /content/drive/MyDrive/wes237b_project/work_dirs/baseline_stgcn_hmdb51/best_top1_acc_epoch_8.pth was removed
2026-09-13 02:27:14,648 - pyskl - INFO - Now best checkpoint is saved as best_top1_acc_epoch_10.pth.
2026-09-13 02:27:14,649 - pyskl - INFO - Best top1_acc is 0.3922 at 10 epoch.
2026-09-13 02:27:14,650 - pyskl - INFO - Epoch(val) [10][96]	top1_acc: 0.3922, top5_acc: 0.7111
2026-09-13 02:27:44,939 - pyskl - INFO - Epoch [11][100/1116]	lr: 3.006e-02, eta: 0:23:58, time: 0.303, data_time: 0.082, memory: 1172, top1_acc: 0.5537, top5_acc: 0.8581, loss_cls: 1.5466, loss: 1.5466
2026-09-13 02:28:07,271 - pyskl - INFO - Epoch [11][200/1116]	lr: 2.926e-02, eta: 0:23:36, time: 0.223, data_time: 0.001, memory: 1172, top1_acc: 0.5687, top5_acc: 0.8712, loss_cls: 1.4538, loss: 1.4538
2026-09-13 02:28:27,952 - pyskl - INFO - Epoch [11][300/1116]	lr: 2.846e-02, eta: 0:23:14, time: 0.207, data_time: 0.001, memory: 1172, top1_acc: 0.5631, top5_acc: 0.8700, loss_cls: 1.4697, loss: 1.4697
2026-09-13 02:28:48,515 - pyskl - INFO - Epoch [11][400/1116]	lr: 2.767e-02, eta: 0:22:51, time: 0.206, data_time: 0.001, memory: 1172, top1_acc: 0.5506, top5_acc: 0.8706, loss_cls: 1.5201, loss: 1.5201
2026-09-13 02:29:09,618 - pyskl - INFO - Epoch [11][500/1116]	lr: 2.689e-02, eta: 0:22:29, time: 0.211, data_time: 0.001, memory: 1172, top1_acc: 0.5787, top5_acc: 0.8856, loss_cls: 1.4080, loss: 1.4080
2026-09-13 02:29:30,960 - pyskl - INFO - Epoch [11][600/1116]	lr: 2.611e-02, eta: 0:22:07, time: 0.213, data_time: 0.001, memory: 1172, top1_acc: 0.5656, top5_acc: 0.8850, loss_cls: 1.4143, loss: 1.4143
2026-09-13 02:29:52,157 - pyskl - INFO - Epoch [11][700/1116]	lr: 2.534e-02, eta: 0:21:45, time: 0.212, data_time: 0.001, memory: 1172, top1_acc: 0.5737, top5_acc: 0.8781, loss_cls: 1.4384, loss: 1.4384
2026-09-13 02:30:13,264 - pyskl - INFO - Epoch [11][800/1116]	lr: 2.458e-02, eta: 0:21:23, time: 0.211, data_time: 0.001, memory: 1172, top1_acc: 0.5900, top5_acc: 0.8900, loss_cls: 1.3465, loss: 1.3465
2026-09-13 02:30:34,274 - pyskl - INFO - Epoch [11][900/1116]	lr: 2.383e-02, eta: 0:21:01, time: 0.210, data_time: 0.001, memory: 1172, top1_acc: 0.5969, top5_acc: 0.8800, loss_cls: 1.4002, loss: 1.4002
2026-09-13 02:30:55,388 - pyskl - INFO - Epoch [11][1000/1116]	lr: 2.308e-02, eta: 0:20:39, time: 0.211, data_time: 0.001, memory: 1172, top1_acc: 0.5994, top5_acc: 0.8988, loss_cls: 1.3433, loss: 1.3433
2026-09-13 02:31:16,638 - pyskl - INFO - Epoch [11][1100/1116]	lr: 2.235e-02, eta: 0:20:17, time: 0.212, data_time: 0.001, memory: 1172, top1_acc: 0.5837, top5_acc: 0.8881, loss_cls: 1.3666, loss: 1.3666
2026-09-13 02:31:20,493 - pyskl - INFO - Saving checkpoint at 11 epochs
2026-09-13 02:31:35,818 - pyskl - INFO - Evaluating top_k_accuracy ...
2026-09-13 02:31:35,822 - pyskl - INFO - 
top1_acc	0.3824
top5_acc	0.7176
2026-09-13 02:31:35,822 - pyskl - INFO - Epoch(val) [11][96]	top1_acc: 0.3824, top5_acc: 0.7176
2026-09-13 02:32:06,577 - pyskl - INFO - Epoch [12][100/1116]	lr: 2.150e-02, eta: 0:19:54, time: 0.307, data_time: 0.086, memory: 1172, top1_acc: 0.6194, top5_acc: 0.9050, loss_cls: 1.2721, loss: 1.2721
2026-09-13 02:32:28,851 - pyskl - INFO - Epoch [12][200/1116]	lr: 2.078e-02, eta: 0:19:32, time: 0.223, data_time: 0.001, memory: 1172, top1_acc: 0.6281, top5_acc: 0.9131, loss_cls: 1.2594, loss: 1.2594
2026-09-13 02:32:49,657 - pyskl - INFO - Epoch [12][300/1116]	lr: 2.007e-02, eta: 0:19:10, time: 0.208, data_time: 0.001, memory: 1172, top1_acc: 0.6406, top5_acc: 0.9137, loss_cls: 1.2095, loss: 1.2095
2026-09-13 02:33:10,309 - pyskl - INFO - Epoch [12][400/1116]	lr: 1.937e-02, eta: 0:18:48, time: 0.207, data_time: 0.001, memory: 1172, top1_acc: 0.6356, top5_acc: 0.9050, loss_cls: 1.2270, loss: 1.2270
2026-09-13 02:33:31,397 - pyskl - INFO - Epoch [12][500/1116]	lr: 1.868e-02, eta: 0:18:26, time: 0.211, data_time: 0.001, memory: 1172, top1_acc: 0.6225, top5_acc: 0.9106, loss_cls: 1.2630, loss: 1.2630
2026-09-13 02:33:52,941 - pyskl - INFO - Epoch [12][600/1116]	lr: 1.800e-02, eta: 0:18:04, time: 0.215, data_time: 0.001, memory: 1172, top1_acc: 0.6550, top5_acc: 0.9213, loss_cls: 1.1857, loss: 1.1857
2026-09-13 02:34:14,336 - pyskl - INFO - Epoch [12][700/1116]	lr: 1.733e-02, eta: 0:17:42, time: 0.214, data_time: 0.001, memory: 1172, top1_acc: 0.6338, top5_acc: 0.9025, loss_cls: 1.2221, loss: 1.2221
2026-09-13 02:34:35,287 - pyskl - INFO - Epoch [12][800/1116]	lr: 1.667e-02, eta: 0:17:20, time: 0.210, data_time: 0.001, memory: 1172, top1_acc: 0.6494, top5_acc: 0.9087, loss_cls: 1.1868, loss: 1.1868
2026-09-13 02:34:56,270 - pyskl - INFO - Epoch [12][900/1116]	lr: 1.602e-02, eta: 0:16:58, time: 0.210, data_time: 0.001, memory: 1172, top1_acc: 0.6531, top5_acc: 0.9300, loss_cls: 1.1240, loss: 1.1240
2026-09-13 02:35:17,506 - pyskl - INFO - Epoch [12][1000/1116]	lr: 1.538e-02, eta: 0:16:36, time: 0.212, data_time: 0.001, memory: 1172, top1_acc: 0.6512, top5_acc: 0.9237, loss_cls: 1.1587, loss: 1.1587
2026-09-13 02:35:38,755 - pyskl - INFO - Epoch [12][1100/1116]	lr: 1.475e-02, eta: 0:16:14, time: 0.212, data_time: 0.000, memory: 1172, top1_acc: 0.6619, top5_acc: 0.9169, loss_cls: 1.1549, loss: 1.1549
2026-09-13 02:35:42,571 - pyskl - INFO - Saving checkpoint at 12 epochs
2026-09-13 02:35:58,357 - pyskl - INFO - Evaluating top_k_accuracy ...
2026-09-13 02:35:58,361 - pyskl - INFO - 
top1_acc	0.3895
top5_acc	0.7288
2026-09-13 02:35:58,362 - pyskl - INFO - Epoch(val) [12][96]	top1_acc: 0.3895, top5_acc: 0.7288
2026-09-13 02:36:29,911 - pyskl - INFO - Epoch [13][100/1116]	lr: 1.403e-02, eta: 0:15:51, time: 0.315, data_time: 0.097, memory: 1172, top1_acc: 0.6750, top5_acc: 0.9369, loss_cls: 1.0748, loss: 1.0748
2026-09-13 02:36:52,325 - pyskl - INFO - Epoch [13][200/1116]	lr: 1.343e-02, eta: 0:15:29, time: 0.224, data_time: 0.001, memory: 1172, top1_acc: 0.7150, top5_acc: 0.9444, loss_cls: 0.9727, loss: 0.9727
2026-09-13 02:37:13,053 - pyskl - INFO - Epoch [13][300/1116]	lr: 1.283e-02, eta: 0:15:07, time: 0.207, data_time: 0.001, memory: 1172, top1_acc: 0.7113, top5_acc: 0.9437, loss_cls: 0.9907, loss: 0.9907
2026-09-13 02:37:33,570 - pyskl - INFO - Epoch [13][400/1116]	lr: 1.225e-02, eta: 0:14:45, time: 0.205, data_time: 0.001, memory: 1172, top1_acc: 0.7231, top5_acc: 0.9506, loss_cls: 0.9279, loss: 0.9279
2026-09-13 02:37:54,626 - pyskl - INFO - Epoch [13][500/1116]	lr: 1.168e-02, eta: 0:14:23, time: 0.211, data_time: 0.001, memory: 1172, top1_acc: 0.7013, top5_acc: 0.9437, loss_cls: 0.9750, loss: 0.9750
2026-09-13 02:38:16,070 - pyskl - INFO - Epoch [13][600/1116]	lr: 1.112e-02, eta: 0:14:01, time: 0.214, data_time: 0.001, memory: 1172, top1_acc: 0.7106, top5_acc: 0.9456, loss_cls: 0.9669, loss: 0.9669
2026-09-13 02:38:37,263 - pyskl - INFO - Epoch [13][700/1116]	lr: 1.057e-02, eta: 0:13:39, time: 0.212, data_time: 0.000, memory: 1172, top1_acc: 0.7388, top5_acc: 0.9619, loss_cls: 0.8697, loss: 0.8697
2026-09-13 02:38:58,283 - pyskl - INFO - Epoch [13][800/1116]	lr: 1.004e-02, eta: 0:13:17, time: 0.210, data_time: 0.000, memory: 1172, top1_acc: 0.7312, top5_acc: 0.9500, loss_cls: 0.8906, loss: 0.8906
2026-09-13 02:39:19,382 - pyskl - INFO - Epoch [13][900/1116]	lr: 9.517e-03, eta: 0:12:55, time: 0.211, data_time: 0.001, memory: 1172, top1_acc: 0.7400, top5_acc: 0.9613, loss_cls: 0.8546, loss: 0.8546
2026-09-13 02:39:40,484 - pyskl - INFO - Epoch [13][1000/1116]	lr: 9.007e-03, eta: 0:12:33, time: 0.211, data_time: 0.001, memory: 1172, top1_acc: 0.7650, top5_acc: 0.9606, loss_cls: 0.7882, loss: 0.7882
2026-09-13 02:40:01,650 - pyskl - INFO - Epoch [13][1100/1116]	lr: 8.510e-03, eta: 0:12:11, time: 0.212, data_time: 0.001, memory: 1172, top1_acc: 0.7694, top5_acc: 0.9600, loss_cls: 0.7810, loss: 0.7810
2026-09-13 02:40:05,784 - pyskl - INFO - Saving checkpoint at 13 epochs
2026-09-13 02:40:21,189 - pyskl - INFO - Evaluating top_k_accuracy ...
2026-09-13 02:40:21,195 - pyskl - INFO - 
top1_acc	0.4078
top5_acc	0.7516
2026-09-13 02:40:21,200 - pyskl - INFO - The previous best checkpoint /content/drive/MyDrive/wes237b_project/work_dirs/baseline_stgcn_hmdb51/best_top1_acc_epoch_10.pth was removed
2026-09-13 02:40:21,325 - pyskl - INFO - Now best checkpoint is saved as best_top1_acc_epoch_13.pth.
2026-09-13 02:40:21,326 - pyskl - INFO - Best top1_acc is 0.4078 at 13 epoch.
2026-09-13 02:40:21,327 - pyskl - INFO - Epoch(val) [13][96]	top1_acc: 0.4078, top5_acc: 0.7516
2026-09-13 02:40:51,647 - pyskl - INFO - Epoch [14][100/1116]	lr: 7.949e-03, eta: 0:11:47, time: 0.303, data_time: 0.083, memory: 1172, top1_acc: 0.7819, top5_acc: 0.9656, loss_cls: 0.7371, loss: 0.7371
2026-09-13 02:41:13,980 - pyskl - INFO - Epoch [14][200/1116]	lr: 7.480e-03, eta: 0:11:26, time: 0.223, data_time: 0.001, memory: 1172, top1_acc: 0.8031, top5_acc: 0.9738, loss_cls: 0.6729, loss: 0.6729
2026-09-13 02:41:34,687 - pyskl - INFO - Epoch [14][300/1116]	lr: 7.023e-03, eta: 0:11:04, time: 0.207, data_time: 0.000, memory: 1172, top1_acc: 0.8081, top5_acc: 0.9738, loss_cls: 0.6797, loss: 0.6797
2026-09-13 02:41:55,237 - pyskl - INFO - Epoch [14][400/1116]	lr: 6.580e-03, eta: 0:10:42, time: 0.205, data_time: 0.001, memory: 1172, top1_acc: 0.8144, top5_acc: 0.9744, loss_cls: 0.6463, loss: 0.6463
2026-09-13 02:42:16,334 - pyskl - INFO - Epoch [14][500/1116]	lr: 6.151e-03, eta: 0:10:20, time: 0.211, data_time: 0.001, memory: 1172, top1_acc: 0.8200, top5_acc: 0.9831, loss_cls: 0.6290, loss: 0.6290
2026-09-13 02:42:37,746 - pyskl - INFO - Epoch [14][600/1116]	lr: 5.735e-03, eta: 0:09:58, time: 0.214, data_time: 0.001, memory: 1172, top1_acc: 0.8213, top5_acc: 0.9762, loss_cls: 0.6258, loss: 0.6258
2026-09-13 02:42:59,026 - pyskl - INFO - Epoch [14][700/1116]	lr: 5.333e-03, eta: 0:09:36, time: 0.213, data_time: 0.001, memory: 1172, top1_acc: 0.8413, top5_acc: 0.9819, loss_cls: 0.5848, loss: 0.5848
2026-09-13 02:43:20,014 - pyskl - INFO - Epoch [14][800/1116]	lr: 4.944e-03, eta: 0:09:14, time: 0.210, data_time: 0.001, memory: 1172, top1_acc: 0.8431, top5_acc: 0.9825, loss_cls: 0.5579, loss: 0.5579
2026-09-13 02:43:40,992 - pyskl - INFO - Epoch [14][900/1116]	lr: 4.570e-03, eta: 0:08:52, time: 0.210, data_time: 0.001, memory: 1172, top1_acc: 0.8525, top5_acc: 0.9794, loss_cls: 0.5340, loss: 0.5340
2026-09-13 02:44:02,106 - pyskl - INFO - Epoch [14][1000/1116]	lr: 4.210e-03, eta: 0:08:30, time: 0.211, data_time: 0.001, memory: 1172, top1_acc: 0.8625, top5_acc: 0.9862, loss_cls: 0.5081, loss: 0.5081
2026-09-13 02:44:23,274 - pyskl - INFO - Epoch [14][1100/1116]	lr: 3.863e-03, eta: 0:08:09, time: 0.212, data_time: 0.001, memory: 1172, top1_acc: 0.8719, top5_acc: 0.9875, loss_cls: 0.4747, loss: 0.4747
2026-09-13 02:44:27,120 - pyskl - INFO - Saving checkpoint at 14 epochs
2026-09-13 02:44:42,604 - pyskl - INFO - Evaluating top_k_accuracy ...
2026-09-13 02:44:42,608 - pyskl - INFO - 
top1_acc	0.4111
top5_acc	0.7490
2026-09-13 02:44:42,614 - pyskl - INFO - The previous best checkpoint /content/drive/MyDrive/wes237b_project/work_dirs/baseline_stgcn_hmdb51/best_top1_acc_epoch_13.pth was removed
2026-09-13 02:44:42,721 - pyskl - INFO - Now best checkpoint is saved as best_top1_acc_epoch_14.pth.
2026-09-13 02:44:42,721 - pyskl - INFO - Best top1_acc is 0.4111 at 14 epoch.
2026-09-13 02:44:42,722 - pyskl - INFO - Epoch(val) [14][96]	top1_acc: 0.4111, top5_acc: 0.7490
2026-09-13 02:45:14,060 - pyskl - INFO - Epoch [15][100/1116]	lr: 3.480e-03, eta: 0:07:44, time: 0.313, data_time: 0.093, memory: 1172, top1_acc: 0.8962, top5_acc: 0.9919, loss_cls: 0.4235, loss: 0.4235
2026-09-13 02:45:36,346 - pyskl - INFO - Epoch [15][200/1116]	lr: 3.165e-03, eta: 0:07:22, time: 0.223, data_time: 0.001, memory: 1172, top1_acc: 0.8956, top5_acc: 0.9906, loss_cls: 0.4303, loss: 0.4303
2026-09-13 02:45:57,218 - pyskl - INFO - Epoch [15][300/1116]	lr: 2.864e-03, eta: 0:07:00, time: 0.209, data_time: 0.001, memory: 1172, top1_acc: 0.8981, top5_acc: 0.9906, loss_cls: 0.4072, loss: 0.4072
2026-09-13 02:46:17,746 - pyskl - INFO - Epoch [15][400/1116]	lr: 2.578e-03, eta: 0:06:39, time: 0.205, data_time: 0.001, memory: 1172, top1_acc: 0.9044, top5_acc: 0.9931, loss_cls: 0.3853, loss: 0.3853
2026-09-13 02:46:38,798 - pyskl - INFO - Epoch [15][500/1116]	lr: 2.306e-03, eta: 0:06:17, time: 0.211, data_time: 0.001, memory: 1172, top1_acc: 0.9175, top5_acc: 0.9975, loss_cls: 0.3557, loss: 0.3557
2026-09-13 02:47:00,319 - pyskl - INFO - Epoch [15][600/1116]	lr: 2.050e-03, eta: 0:05:55, time: 0.215, data_time: 0.001, memory: 1172, top1_acc: 0.9319, top5_acc: 0.9962, loss_cls: 0.3250, loss: 0.3250
2026-09-13 02:47:21,597 - pyskl - INFO - Epoch [15][700/1116]	lr: 1.808e-03, eta: 0:05:33, time: 0.213, data_time: 0.001, memory: 1172, top1_acc: 0.9187, top5_acc: 0.9956, loss_cls: 0.3463, loss: 0.3463
2026-09-13 02:47:42,581 - pyskl - INFO - Epoch [15][800/1116]	lr: 1.581e-03, eta: 0:05:11, time: 0.210, data_time: 0.001, memory: 1172, top1_acc: 0.9281, top5_acc: 0.9988, loss_cls: 0.3168, loss: 0.3168
2026-09-13 02:48:03,641 - pyskl - INFO - Epoch [15][900/1116]	lr: 1.369e-03, eta: 0:04:49, time: 0.211, data_time: 0.001, memory: 1172, top1_acc: 0.9250, top5_acc: 0.9938, loss_cls: 0.3304, loss: 0.3304
2026-09-13 02:48:24,827 - pyskl - INFO - Epoch [15][1000/1116]	lr: 1.172e-03, eta: 0:04:28, time: 0.212, data_time: 0.001, memory: 1172, top1_acc: 0.9219, top5_acc: 0.9919, loss_cls: 0.3460, loss: 0.3460
2026-09-13 02:48:45,991 - pyskl - INFO - Epoch [15][1100/1116]	lr: 9.901e-04, eta: 0:04:06, time: 0.212, data_time: 0.001, memory: 1172, top1_acc: 0.9387, top5_acc: 0.9950, loss_cls: 0.2886, loss: 0.2886
2026-09-13 02:48:50,184 - pyskl - INFO - Saving checkpoint at 15 epochs
2026-09-13 02:49:05,128 - pyskl - INFO - Evaluating top_k_accuracy ...
2026-09-13 02:49:05,133 - pyskl - INFO - 
top1_acc	0.4033
top5_acc	0.7451
2026-09-13 02:49:05,134 - pyskl - INFO - Epoch(val) [15][96]	top1_acc: 0.4033, top5_acc: 0.7451
2026-09-13 02:49:35,199 - pyskl - INFO - Epoch [16][100/1116]	lr: 7.983e-04, eta: 0:03:41, time: 0.301, data_time: 0.082, memory: 1172, top1_acc: 0.9531, top5_acc: 0.9981, loss_cls: 0.2468, loss: 0.2468
2026-09-13 02:49:57,671 - pyskl - INFO - Epoch [16][200/1116]	lr: 6.493e-04, eta: 0:03:19, time: 0.225, data_time: 0.001, memory: 1172, top1_acc: 0.9450, top5_acc: 0.9981, loss_cls: 0.2652, loss: 0.2652
2026-09-13 02:50:18,426 - pyskl - INFO - Epoch [16][300/1116]	lr: 5.157e-04, eta: 0:02:57, time: 0.208, data_time: 0.001, memory: 1172, top1_acc: 0.9363, top5_acc: 0.9962, loss_cls: 0.2869, loss: 0.2869
2026-09-13 02:50:38,991 - pyskl - INFO - Epoch [16][400/1116]	lr: 3.973e-04, eta: 0:02:35, time: 0.206, data_time: 0.001, memory: 1172, top1_acc: 0.9469, top5_acc: 0.9969, loss_cls: 0.2650, loss: 0.2650
2026-09-13 02:51:00,171 - pyskl - INFO - Epoch [16][500/1116]	lr: 2.943e-04, eta: 0:02:14, time: 0.212, data_time: 0.001, memory: 1172, top1_acc: 0.9431, top5_acc: 0.9969, loss_cls: 0.2766, loss: 0.2766
2026-09-13 02:51:21,537 - pyskl - INFO - Epoch [16][600/1116]	lr: 2.067e-04, eta: 0:01:52, time: 0.214, data_time: 0.001, memory: 1172, top1_acc: 0.9400, top5_acc: 0.9956, loss_cls: 0.2838, loss: 0.2838
2026-09-13 02:51:42,677 - pyskl - INFO - Epoch [16][700/1116]	lr: 1.345e-04, eta: 0:01:30, time: 0.211, data_time: 0.001, memory: 1172, top1_acc: 0.9437, top5_acc: 0.9975, loss_cls: 0.2709, loss: 0.2709
2026-09-13 02:52:03,726 - pyskl - INFO - Epoch [16][800/1116]	lr: 7.775e-05, eta: 0:01:08, time: 0.210, data_time: 0.001, memory: 1172, top1_acc: 0.9500, top5_acc: 0.9975, loss_cls: 0.2682, loss: 0.2682
2026-09-13 02:52:24,772 - pyskl - INFO - Epoch [16][900/1116]	lr: 3.644e-05, eta: 0:00:46, time: 0.210, data_time: 0.000, memory: 1172, top1_acc: 0.9581, top5_acc: 0.9956, loss_cls: 0.2448, loss: 0.2448
2026-09-13 02:52:45,830 - pyskl - INFO - Epoch [16][1000/1116]	lr: 1.059e-05, eta: 0:00:25, time: 0.211, data_time: 0.001, memory: 1172, top1_acc: 0.9500, top5_acc: 0.9988, loss_cls: 0.2496, loss: 0.2496
2026-09-13 02:53:07,089 - pyskl - INFO - Epoch [16][1100/1116]	lr: 2.237e-07, eta: 0:00:03, time: 0.213, data_time: 0.001, memory: 1172, top1_acc: 0.9550, top5_acc: 0.9981, loss_cls: 0.2498, loss: 0.2498
2026-09-13 02:53:10,986 - pyskl - INFO - Saving checkpoint at 16 epochs
2026-09-13 02:53:26,360 - pyskl - INFO - Evaluating top_k_accuracy ...
2026-09-13 02:53:26,364 - pyskl - INFO - 
top1_acc	0.4078
top5_acc	0.7503
2026-09-13 02:53:26,365 - pyskl - INFO - Epoch(val) [16][96]	top1_acc: 0.4078, top5_acc: 0.7503
2026-09-13 02:53:30,227 - pyskl - INFO - 1530 videos remain after valid thresholding
2026-09-13 02:54:38,309 - pyskl - INFO - Testing results of the last checkpoint
2026-09-13 02:54:38,310 - pyskl - INFO - top1_acc: 0.4085
2026-09-13 02:54:38,310 - pyskl - INFO - top5_acc: 0.7516
2026-09-13 02:54:38,311 - pyskl - INFO - load checkpoint from local path: /content/drive/MyDrive/wes237b_project/work_dirs/baseline_stgcn_hmdb51/best_top1_acc_epoch_14.pth
2026-09-13 02:55:45,654 - pyskl - INFO - Testing results of the best checkpoint
2026-09-13 02:55:45,654 - pyskl - INFO - top1_acc: 0.4196
2026-09-13 02:55:45,654 - pyskl - INFO - top5_acc: 0.7484
